
2026/08/16 13:48:13 [32mD:/Develop/Project_pos_mahenz/BE/database/migrate.go:99
[0m[33m[0.615ms] [34;1m[rows:0][0m CREATE TABLE IF NOT EXISTS migrations_history (
		id          INT AUTO_INCREMENT PRIMARY KEY,
		filename    VARCHAR(255) UNIQUE NOT NULL,
		executed_at DATETIME DEFAULT CURRENT_TIMESTAMP
	) DEFAULT CHARSET=utf8

2026/08/16 13:48:13 [32mD:/Develop/Project_pos_mahenz/BE/database/migrate.go:27
[0m[33m[0.616ms] [34;1m[rows:1][0m SELECT COUNT(*) FROM migrations_history

2026/08/16 13:48:13 [32mD:/Develop/Project_pos_mahenz/BE/database/migrate.go:28
[0m[33m[0.676ms] [34;1m[rows:1][0m SELECT COUNT(*) FROM information_schema.tables WHERE table_schema = DATABASE() AND table_name != 'migrations_history'

2026/08/16 13:48:13 [32mD:/Develop/Project_pos_mahenz/BE/database/migrate.go:104
[0m[33m[1.058ms] [34;1m[rows:1][0m SELECT COUNT(*) FROM migrations_history WHERE filename = '001_init_schema.sql'

2026/08/16 13:48:13 [32mD:/Develop/Project_pos_mahenz/BE/database/migrate.go:104
[0m[33m[0.730ms] [34;1m[rows:1][0m SELECT COUNT(*) FROM migrations_history WHERE filename = '002_seed_data.sql'

2026/08/16 13:48:13 [32mD:/Develop/Project_pos_mahenz/BE/database/migrate.go:104
[0m[33m[0.541ms] [34;1m[rows:1][0m SELECT COUNT(*) FROM migrations_history WHERE filename = '003_fix_receivables_status_enum.sql'

2026/08/16 13:48:13 [32mD:/Develop/Project_pos_mahenz/BE/database/migrate.go:104
[0m[33m[0.000ms] [34;1m[rows:1][0m SELECT COUNT(*) FROM migrations_history WHERE filename = '004_stock_per_package_level.sql'
2026/08/16 13:48:13 [37mServer running on port[0m :8080
2026/08/16 13:48:13 [37mRoutes:[0m
2026/08/16 13:48:13 [32mPOST[0m   [34m/api/supplier-purchases/detail/:id           [0m   [37mpos_api/domain/supplier_purchase/handler.(*PurchaseHandler).GetByID-fm[0m
2026/08/16 13:48:13 [32mPOST[0m   [34m/api/supplier-purchases/delete/:id           [0m   [37mpos_api/domain/supplier_purchase/handler.(*PurchaseHandler).Delete-fm[0m
2026/08/16 13:48:13 [32mPOST[0m   [34m/api/supplier-purchases/generate-code        [0m   [37mpos_api/domain/supplier_purchase/handler.(*PurchaseHandler).GenerateCode-fm[0m
2026/08/16 13:48:13 [32mPOST[0m   [34m/api/supplier-purchases/list                 [0m   [37mpos_api/domain/supplier_purchase/handler.(*PurchaseHandler).GetAll-fm[0m
2026/08/16 13:48:13 [32mPOST[0m   [34m/api/supplier-purchases/create               [0m   [37mpos_api/domain/supplier_purchase/handler.(*PurchaseHandler).Create-fm[0m
2026/08/16 13:48:13 [32mPOST[0m   [34m/api/supplier-purchases/update/:id           [0m   [37mpos_api/domain/supplier_purchase/handler.(*PurchaseHandler).Update-fm[0m
2026/08/16 13:48:13 [32mPOST[0m   [34m/api/supplier-purchases/pay/:id              [0m   [37mpos_api/domain/supplier_purchase/handler.(*PurchaseHandler).Pay-fm[0m
2026/08/16 13:48:13 [32mPOST[0m   [34m/api/supplier-purchases/void/:id             [0m   [37mpos_api/domain/supplier_purchase/handler.(*PurchaseHandler).Void-fm[0m
2026/08/16 13:48:13 [32mPOST[0m   [34m/api/supplier-purchases/:id/payments         [0m   [37mpos_api/domain/supplier_purchase/handler.(*PurchaseHandler).GetPayments-fm[0m
2026/08/16 13:48:13 [32mPOST[0m   [34m/api/supplier-purchases/:id/add-items        [0m   [37mpos_api/domain/supplier_purchase/handler.(*PurchaseHandler).AddItems-fm[0m
2026/08/16 13:48:13 [32mPOST[0m   [34m/api/supplier-returns/detail/:id             [0m   [37mpos_api/domain/supplier_return/handler.(*SupplierReturnHandler).GetByID-fm[0m
2026/08/16 13:48:13 [32mPOST[0m   [34m/api/supplier-returns/delete/:id             [0m   [37mpos_api/domain/supplier_return/handler.(*SupplierReturnHandler).Delete-fm[0m
2026/08/16 13:48:13 [32mPOST[0m   [34m/api/supplier-returns/list                   [0m   [37mpos_api/domain/supplier_return/handler.(*SupplierReturnHandler).GetAll-fm[0m
2026/08/16 13:48:13 [32mPOST[0m   [34m/api/supplier-returns/create                 [0m   [37mpos_api/domain/supplier_return/handler.(*SupplierReturnHandler).Create-fm[0m
2026/08/16 13:48:13 [32mPOST[0m   [34m/api/supplier-returns/update-status/:id      [0m   [37mpos_api/domain/supplier_return/handler.(*SupplierReturnHandler).UpdateStatus-fm[0m
2026/08/16 13:48:13 [32mPOST[0m   [34m/api/suppliers/detail/:id                    [0m   [37mpos_api/domain/supplier/handler.(*SupplierHandler).GetDetail-fm[0m
2026/08/16 13:48:13 [32mPOST[0m   [34m/api/suppliers/delete/:id                    [0m   [37mpos_api/domain/supplier/handler.(*SupplierHandler).Delete-fm[0m
2026/08/16 13:48:13 [32mPOST[0m   [34m/api/suppliers/list                          [0m   [37mpos_api/domain/supplier/handler.(*SupplierHandler).GetAll-fm[0m
2026/08/16 13:48:13 [32mPOST[0m   [34m/api/suppliers/options                       [0m   [37mpos_api/domain/supplier/handler.(*SupplierHandler).GetOptions-fm[0m
2026/08/16 13:48:13 [32mPOST[0m   [34m/api/suppliers/create                        [0m   [37mpos_api/domain/supplier/handler.(*SupplierHandler).Create-fm[0m
2026/08/16 13:48:13 [32mPOST[0m   [34m/api/suppliers/update/:id                    [0m   [37mpos_api/domain/supplier/handler.(*SupplierHandler).Update-fm[0m
2026/08/16 13:48:13 [32mPOST[0m   [34m/api/suppliers/toggle-status/:id             [0m   [37mpos_api/domain/supplier/handler.(*SupplierHandler).ToggleStatus-fm[0m
2026/08/16 13:48:13 [32mPOST[0m   [34m/api/shifts/detail/:id                       [0m   [37mpos_api/domain/shift/handler.(*ShiftHandler).GetByID-fm[0m
2026/08/16 13:48:13 [32mPOST[0m   [34m/api/shifts/delete/:id                       [0m   [37mpos_api/domain/shift/handler.(*ShiftHandler).Delete-fm[0m
2026/08/16 13:48:13 [32mPOST[0m   [34m/api/shifts/list                             [0m   [37mpos_api/domain/shift/handler.(*ShiftHandler).GetAll-fm[0m
2026/08/16 13:48:13 [32mPOST[0m   [34m/api/shifts/active                           [0m   [37mpos_api/domain/shift/handler.(*ShiftHandler).GetOptions-fm[0m
2026/08/16 13:48:13 [32mPOST[0m   [34m/api/shifts/summary                          [0m   [37mpos_api/domain/shift/handler.(*ShiftHandler).GetSummary-fm[0m
2026/08/16 13:48:13 [32mPOST[0m   [34m/api/shifts/create                           [0m   [37mpos_api/domain/shift/handler.(*ShiftHandler).Create-fm[0m
2026/08/16 13:48:13 [32mPOST[0m   [34m/api/shifts/update/:id                       [0m   [37mpos_api/domain/shift/handler.(*ShiftHandler).Update-fm[0m
2026/08/16 13:48:13 [32mPOST[0m   [34m/api/shifts/toggle-status/:id                [0m   [37mpos_api/domain/shift/handler.(*ShiftHandler).ToggleStatus-fm[0m
2026/08/16 13:48:13 [32mPOST[0m   [34m/api/settings                                [0m   [37mpos_api/domain/setting/handler.(*SettingHandler).Save-fm[0m
2026/08/16 13:48:13 [32mPOST[0m   [34m/api/settings/reset                          [0m   [37mpos_api/domain/setting/handler.(*SettingHandler).Reset-fm[0m
2026/08/16 13:48:13 [32mPOST[0m   [34m/api/settings/store                          [0m   [37mpos_api/domain/setting/handler.(*SettingHandler).UpdateStoreProfile-fm[0m
2026/08/16 13:48:13 [32mPOST[0m   [34m/api/settings/printer                        [0m   [37mpos_api/domain/setting/handler.(*SettingHandler).UpdatePrinterSettings-fm[0m
2026/08/16 13:48:13 [32mPOST[0m   [34m/api/stock-mutations/list                    [0m   [37mpos_api/domain/stock_mutation/handler.(*StockMutationHandler).GetAll-fm[0m
2026/08/16 13:48:13 [32mPOST[0m   [34m/api/stock-mutations/product/:product_id     [0m   [37mpos_api/domain/stock_mutation/handler.(*StockMutationHandler).GetByProduct-fm[0m
2026/08/16 13:48:13 [32mPOST[0m   [34m/api/sync/conflicts/:id/resolve              [0m   [37mpos_api/domain/sync/handler.(*SyncHandler).ResolveConflict-fm[0m
2026/08/16 13:48:13 [32mPOST[0m   [34m/api/sync/push                               [0m   [37mpos_api/domain/sync/handler.(*SyncHandler).PushSync-fm[0m
2026/08/16 13:48:13 [32mPOST[0m   [34m/api/products/import-preview                 [0m   [37mpos_api/domain/product/handler.(*ProductImportHandler).ImportPreview-fm[0m
2026/08/16 13:48:13 [32mPOST[0m   [34m/api/products/import-bulk                    [0m   [37mpos_api/domain/product/handler.(*ProductImportHandler).ImportBulk-fm[0m
2026/08/16 13:48:13 [32mPOST[0m   [34m/api/products/import-template                [0m   [37mpos_api/domain/product/handler.(*ProductImportHandler).DownloadImportTemplate-fm[0m
2026/08/16 13:48:13 [32mPOST[0m   [34m/api/products/detail/:id                     [0m   [37mpos_api/domain/product/handler.(*ProductHandler).GetByID-fm[0m
2026/08/16 13:48:13 [32mPOST[0m   [34m/api/products/delete/:id                     [0m   [37mpos_api/domain/product/handler.(*ProductHandler).Delete-fm[0m
2026/08/16 13:48:13 [32mPOST[0m   [34m/api/products/generate-barcode               [0m   [37mpos_api/domain/product/handler.(*ProductGenerateHandler).GenerateBarcode-fm[0m
2026/08/16 13:48:13 [32mPOST[0m   [34m/api/products/generate-sku                   [0m   [37mpos_api/domain/product/handler.(*ProductGenerateHandler).GenerateSku-fm[0m
2026/08/16 13:48:13 [32mPOST[0m   [34m/api/products/list                           [0m   [37mpos_api/domain/product/handler.(*ProductHandler).GetAll-fm[0m
2026/08/16 13:48:13 [32mPOST[0m   [34m/api/products/options                        [0m   [37mpos_api/domain/product/handler.(*ProductHandler).GetOptions-fm[0m
2026/08/16 13:48:13 [32mPOST[0m   [34m/api/products/search                         [0m   [37mpos_api/domain/product/handler.(*ProductHandler).Search-fm[0m
2026/08/16 13:48:13 [32mPOST[0m   [34m/api/products/by-barcode/:barcode            [0m   [37mpos_api/domain/product/handler.(*ProductHandler).GetByBarcode-fm[0m
2026/08/16 13:48:13 [32mPOST[0m   [34m/api/products/create                         [0m   [37mpos_api/domain/product/handler.(*ProductHandler).Create-fm[0m
2026/08/16 13:48:13 [32mPOST[0m   [34m/api/products/update/:id                     [0m   [37mpos_api/domain/product/handler.(*ProductHandler).Update-fm[0m
2026/08/16 13:48:13 [32mPOST[0m   [34m/api/products/toggle-status/:id              [0m   [37mpos_api/domain/product/handler.(*ProductHandler).ToggleStatus-fm[0m
2026/08/16 13:48:13 [32mPOST[0m   [34m/api/products/:id/packages/list              [0m   [37mpos_api/domain/product/handler.(*ProductPackageHandler).GetPackagesByProduct-fm[0m
2026/08/16 13:48:13 [32mPOST[0m   [34m/api/products/:id/packages/create            [0m   [37mpos_api/domain/product/handler.(*ProductPackageHandler).CreatePackage-fm[0m
2026/08/16 13:48:13 [32mPOST[0m   [34m/api/products/:id/packages/update/:package_id[0m   [37mpos_api/domain/product/handler.(*ProductPackageHandler).UpdatePackage-fm[0m
2026/08/16 13:48:13 [32mPOST[0m   [34m/api/products/:id/packages/delete/:package_id[0m   [37mpos_api/domain/product/handler.(*ProductPackageHandler).DeletePackage-fm[0m
2026/08/16 13:48:13 [32mPOST[0m   [34m/api/products/:id/prices/list                [0m   [37mpos_api/domain/product/handler.(*ProductPriceHandler).GetPricesByProduct-fm[0m
2026/08/16 13:48:13 [32mPOST[0m   [34m/api/pin/set                                 [0m   [37mpos_api/domain/pin/handler.(*PinHandler).SetPin-fm[0m
2026/08/16 13:48:13 [32mPOST[0m   [34m/api/pin/verify                              [0m   [37mpos_api/domain/pin/handler.(*PinHandler).VerifyPin-fm[0m
2026/08/16 13:48:13 [32mPOST[0m   [34m/api/pin/change                              [0m   [37mpos_api/domain/pin/handler.(*PinHandler).ChangePin-fm[0m
2026/08/16 13:48:13 [32mPOST[0m   [34m/api/payment-statuses/list                   [0m   [37mpos_api/domain/payment_status/handler.(*PaymentStatusHandler).GetAll-fm[0m
2026/08/16 13:48:13 [32mPOST[0m   [34m/api/payment-methods/list                    [0m   [37mpos_api/domain/payment_method/handler.(*PaymentMethodHandler).GetAll-fm[0m
2026/08/16 13:48:13 [32mPOST[0m   [34m/api/cash-drawer/current                     [0m   [37mpos_api/domain/cash_drawer/handler.(*CashDrawerHandler).GetCurrent-fm[0m
2026/08/16 13:48:13 [32mPOST[0m   [34m/api/cash-drawer/close/:id                   [0m   [37mpos_api/domain/cash_drawer/handler.(*CashDrawerHandler).Close-fm[0m
2026/08/16 13:48:13 [32mPOST[0m   [34m/api/cash-drawer/update-sales/:id            [0m   [37mpos_api/domain/cash_drawer/handler.(*CashDrawerHandler).UpdateSales-fm[0m
2026/08/16 13:48:13 [32mPOST[0m   [34m/api/cash-drawer/update-expenses/:id         [0m   [37mpos_api/domain/cash_drawer/handler.(*CashDrawerHandler).UpdateExpenses-fm[0m
2026/08/16 13:48:13 [32mPOST[0m   [34m/api/cash-drawer/my-cash                     [0m   [37mpos_api/domain/cash_drawer/handler.(*CashDrawerHandler).GetMyCash-fm[0m
2026/08/16 13:48:13 [32mPOST[0m   [34m/api/cash-drawer/list                        [0m   [37mpos_api/domain/cash_drawer/handler.(*CashDrawerHandler).GetHistory-fm[0m
2026/08/16 13:48:13 [32mPOST[0m   [34m/api/cash-drawer/summary                     [0m   [37mpos_api/domain/cash_drawer/handler.(*CashDrawerHandler).GetSummary-fm[0m
2026/08/16 13:48:13 [32mPOST[0m   [34m/api/cash-drawer/kasir-options               [0m   [37mpos_api/domain/cash_drawer/handler.(*CashDrawerHandler).GetKasirOptions-fm[0m
2026/08/16 13:48:13 [32mPOST[0m   [34m/api/cash-drawer/detail/:id                  [0m   [37mpos_api/domain/cash_drawer/handler.(*CashDrawerHandler).GetByID-fm[0m
2026/08/16 13:48:13 [32mPOST[0m   [34m/api/cash-drawer/open                        [0m   [37mpos_api/domain/cash_drawer/handler.(*CashDrawerHandler).Open-fm[0m
2026/08/16 13:48:13 [32mPOST[0m   [34m/api/categories/detail/:id                   [0m   [37mpos_api/domain/product_category/handler.(*CategoryHandler).GetByID-fm[0m
2026/08/16 13:48:13 [32mPOST[0m   [34m/api/categories/delete/:id                   [0m   [37mpos_api/domain/product_category/handler.(*CategoryHandler).Delete-fm[0m
2026/08/16 13:48:13 [32mPOST[0m   [34m/api/categories/list                         [0m   [37mpos_api/domain/product_category/handler.(*CategoryHandler).GetAll-fm[0m
2026/08/16 13:48:13 [32mPOST[0m   [34m/api/categories/options                      [0m   [37mpos_api/domain/product_category/handler.(*CategoryHandler).GetOptions-fm[0m
2026/08/16 13:48:13 [32mPOST[0m   [34m/api/categories/create                       [0m   [37mpos_api/domain/product_category/handler.(*CategoryHandler).Create-fm[0m
2026/08/16 13:48:13 [32mPOST[0m   [34m/api/categories/update/:id                   [0m   [37mpos_api/domain/product_category/handler.(*CategoryHandler).Update-fm[0m
2026/08/16 13:48:13 [32mPOST[0m   [34m/api/categories/toggle-status/:id            [0m   [37mpos_api/domain/product_category/handler.(*CategoryHandler).ToggleStatus-fm[0m
2026/08/16 13:48:13 [32mPOST[0m   [34m/api/customers/detail/:id                    [0m   [37mpos_api/domain/customer/handler.(*CustomerHandler).GetByID-fm[0m
2026/08/16 13:48:13 [32mPOST[0m   [34m/api/customers/delete/:id                    [0m   [37mpos_api/domain/customer/handler.(*CustomerHandler).Delete-fm[0m
2026/08/16 13:48:13 [32mPOST[0m   [34m/api/customers/list                          [0m   [37mpos_api/domain/customer/handler.(*CustomerHandler).GetAll-fm[0m
2026/08/16 13:48:13 [32mPOST[0m   [34m/api/customers/active                        [0m   [37mpos_api/domain/customer/handler.(*CustomerHandler).GetOptions-fm[0m
2026/08/16 13:48:13 [32mPOST[0m   [34m/api/customers/create                        [0m   [37mpos_api/domain/customer/handler.(*CustomerHandler).Create-fm[0m
2026/08/16 13:48:13 [32mPOST[0m   [34m/api/customers/update/:id                    [0m   [37mpos_api/domain/customer/handler.(*CustomerHandler).Update-fm[0m
2026/08/16 13:48:13 [32mPOST[0m   [34m/api/customers/toggle-status/:id             [0m   [37mpos_api/domain/customer/handler.(*CustomerHandler).ToggleStatus-fm[0m
2026/08/16 13:48:13 [32mPOST[0m   [34m/api/reports/sales/list                      [0m   [37mpos_api/domain/report/handler.(*ReportHandler).GetSalesList-fm[0m
2026/08/16 13:48:13 [32mPOST[0m   [34m/api/reports/sales/summary                   [0m   [37mpos_api/domain/report/handler.(*ReportHandler).GetSalesSummaryData-fm[0m
2026/08/16 13:48:13 [32mPOST[0m   [34m/api/reports/stock/list                      [0m   [37mpos_api/domain/report/handler.(*ReportHandler).GetStockList-fm[0m
2026/08/16 13:48:13 [32mPOST[0m   [34m/api/reports/stock/summary                   [0m   [37mpos_api/domain/report/handler.(*ReportHandler).GetStockSummaryData-fm[0m
2026/08/16 13:48:13 [32mPOST[0m   [34m/api/reports/profit-loss/data                [0m   [37mpos_api/domain/report/handler.(*ReportHandler).GetProfitLossData-fm[0m
2026/08/16 13:48:13 [32mPOST[0m   [34m/api/reports/cashier/list                    [0m   [37mpos_api/domain/report/handler.(*ReportHandler).GetCashierList-fm[0m
2026/08/16 13:48:13 [32mPOST[0m   [34m/api/receivables/payments/:id                [0m   [37mpos_api/domain/receivable/handler.(*ReceivableHandler).GetPayments-fm[0m
2026/08/16 13:48:13 [32mPOST[0m   [34m/api/receivables/pay/:id                     [0m   [37mpos_api/domain/receivable/handler.(*ReceivableHandler).Pay-fm[0m
2026/08/16 13:48:13 [32mPOST[0m   [34m/api/receivables/list                        [0m   [37mpos_api/domain/receivable/handler.(*ReceivableHandler).GetAll-fm[0m
2026/08/16 13:48:13 [32mPOST[0m   [34m/api/receivables/summary                     [0m   [37mpos_api/domain/receivable/handler.(*ReceivableHandler).GetSummary-fm[0m
2026/08/16 13:48:13 [32mPOST[0m   [34m/api/receivables/detail/:id                  [0m   [37mpos_api/domain/receivable/handler.(*ReceivableHandler).GetByID-fm[0m
2026/08/16 13:48:13 [32mPOST[0m   [34m/api/restore                                 [0m   [37mpos_api/domain/backup/handler.(*BackupHandler).Restore-fm[0m
2026/08/16 13:48:13 [32mPOST[0m   [34m/api/roles/detail/:id                        [0m   [37mpos_api/domain/role/handler.(*RoleHandler).GetByID-fm[0m
2026/08/16 13:48:13 [32mPOST[0m   [34m/api/roles/delete/:id                        [0m   [37mpos_api/domain/role/handler.(*RoleHandler).Delete-fm[0m
2026/08/16 13:48:13 [32mPOST[0m   [34m/api/roles/list                              [0m   [37mpos_api/domain/role/handler.(*RoleHandler).GetAll-fm[0m
2026/08/16 13:48:13 [32mPOST[0m   [34m/api/roles/options                           [0m   [37mpos_api/domain/role/handler.(*RoleHandler).GetOptions-fm[0m
2026/08/16 13:48:13 [32mPOST[0m   [34m/api/roles/create                            [0m   [37mpos_api/domain/role/handler.(*RoleHandler).Create-fm[0m
2026/08/16 13:48:13 [32mPOST[0m   [34m/api/roles/update/:id                        [0m   [37mpos_api/domain/role/handler.(*RoleHandler).Update-fm[0m
2026/08/16 13:48:13 [32mPOST[0m   [34m/api/roles/toggle-status/:id                 [0m   [37mpos_api/domain/role/handler.(*RoleHandler).ToggleStatus-fm[0m
2026/08/16 13:48:13 [32mPOST[0m   [34m/api/roles/:id/menus/list                    [0m   [37mpos_api/domain/access/handler.(*AccessHandler).GetByRoleID-fm[0m
2026/08/16 13:48:13 [32mPOST[0m   [34m/api/roles/:id/menus/set                     [0m   [37mpos_api/domain/access/handler.(*AccessHandler).SetRoleAccess-fm[0m
2026/08/16 13:48:13 [32mPOST[0m   [34m/api/route-registry/options                  [0m   [37mpos_api/domain/route_registry/handler.(*RouteRegistryHandler).GetOptions-fm[0m
2026/08/16 13:48:13 [32mPOST[0m   [34m/api/users/create                            [0m   [37mpos_api/domain/user/handler.(*UserHandler).Create-fm[0m
2026/08/16 13:48:13 [32mPOST[0m   [34m/api/users/change-password/:id               [0m   [37mpos_api/domain/user/handler.(*UserHandler).ChangePassword-fm[0m
2026/08/16 13:48:13 [32mPOST[0m   [34m/api/users/detail/:id                        [0m   [37mpos_api/domain/user/handler.(*UserHandler).GetByID-fm[0m
2026/08/16 13:48:13 [32mPOST[0m   [34m/api/users/delete/:id                        [0m   [37mpos_api/domain/user/handler.(*UserHandler).Delete-fm[0m
2026/08/16 13:48:13 [32mPOST[0m   [34m/api/users/list                              [0m   [37mpos_api/domain/user/handler.(*UserHandler).GetAll-fm[0m
2026/08/16 13:48:13 [32mPOST[0m   [34m/api/users/update/:id                        [0m   [37mpos_api/domain/user/handler.(*UserHandler).Update-fm[0m
2026/08/16 13:48:13 [32mPOST[0m   [34m/api/users/toggle-status/:id                 [0m   [37mpos_api/domain/user/handler.(*UserHandler).ToggleStatus-fm[0m
2026/08/16 13:48:13 [32mPOST[0m   [34m/api/units/detail/:id                        [0m   [37mpos_api/domain/product_unit/handler.(*UnitHandler).GetByID-fm[0m
2026/08/16 13:48:13 [32mPOST[0m   [34m/api/units/delete/:id                        [0m   [37mpos_api/domain/product_unit/handler.(*UnitHandler).Delete-fm[0m
2026/08/16 13:48:13 [32mPOST[0m   [34m/api/units/list                              [0m   [37mpos_api/domain/product_unit/handler.(*UnitHandler).GetAll-fm[0m
2026/08/16 13:48:13 [32mPOST[0m   [34m/api/units/options                           [0m   [37mpos_api/domain/product_unit/handler.(*UnitHandler).GetOptions-fm[0m
2026/08/16 13:48:13 [32mPOST[0m   [34m/api/units/create                            [0m   [37mpos_api/domain/product_unit/handler.(*UnitHandler).Create-fm[0m
2026/08/16 13:48:13 [32mPOST[0m   [34m/api/units/update/:id                        [0m   [37mpos_api/domain/product_unit/handler.(*UnitHandler).Update-fm[0m
2026/08/16 13:48:13 [32mPOST[0m   [34m/api/units/toggle-status/:id                 [0m   [37mpos_api/domain/product_unit/handler.(*UnitHandler).ToggleStatus-fm[0m
2026/08/16 13:48:13 [32mPOST[0m   [34m/api/expenses/detail/:id                     [0m   [37mpos_api/domain/expense/handler.(*ExpenseHandler).GetByID-fm[0m
2026/08/16 13:48:13 [32mPOST[0m   [34m/api/expenses/delete/:id                     [0m   [37mpos_api/domain/expense/handler.(*ExpenseHandler).Delete-fm[0m
2026/08/16 13:48:13 [32mPOST[0m   [34m/api/expenses/list                           [0m   [37mpos_api/domain/expense/handler.(*ExpenseHandler).GetAll-fm[0m
2026/08/16 13:48:13 [32mPOST[0m   [34m/api/expenses/create                         [0m   [37mpos_api/domain/expense/handler.(*ExpenseHandler).Create-fm[0m
2026/08/16 13:48:13 [32mPOST[0m   [34m/api/expenses/update/:id                     [0m   [37mpos_api/domain/expense/handler.(*ExpenseHandler).Update-fm[0m
2026/08/16 13:48:13 [32mPOST[0m   [34m/api/expiry-batches/warnings                 [0m   [37mpos_api/domain/expiry_batch/handler.(*ExpiryBatchHandler).GetWarnings-fm[0m
2026/08/16 13:48:13 [32mPOST[0m   [34m/api/expiry-batches/write-off/:id            [0m   [37mpos_api/domain/expiry_batch/handler.(*ExpiryBatchHandler).WriteOff-fm[0m
2026/08/16 13:48:13 [32mPOST[0m   [34m/api/expiry-batches/product/:id              [0m   [37mpos_api/domain/expiry_batch/handler.(*ExpiryBatchHandler).GetByProduct-fm[0m
2026/08/16 13:48:13 [32mPOST[0m   [34m/api/expiry-batches/confirm/:id              [0m   [37mpos_api/domain/expiry_batch/handler.(*ExpiryBatchHandler).Confirm-fm[0m
2026/08/16 13:48:13 [32mPOST[0m   [34m/api/menus/detail/:id                        [0m   [37mpos_api/domain/menu/handler.(*MenuHandler).GetByID-fm[0m
2026/08/16 13:48:13 [32mPOST[0m   [34m/api/menus/delete/:id                        [0m   [37mpos_api/domain/menu/handler.(*MenuHandler).Delete-fm[0m
2026/08/16 13:48:13 [32mPOST[0m   [34m/api/menus/my                                [0m   [37mpos_api/domain/menu/handler.(*MenuHandler).GetMyMenus-fm[0m
2026/08/16 13:48:13 [32mPOST[0m   [34m/api/menus/options                           [0m   [37mpos_api/domain/menu/handler.(*MenuHandler).GetOptions-fm[0m
2026/08/16 13:48:13 [32mPOST[0m   [34m/api/menus/list                              [0m   [37mpos_api/domain/menu/handler.(*MenuHandler).GetAll-fm[0m
2026/08/16 13:48:13 [32mPOST[0m   [34m/api/menus/create                            [0m   [37mpos_api/domain/menu/handler.(*MenuHandler).Create-fm[0m
2026/08/16 13:48:13 [32mPOST[0m   [34m/api/menus/update/:id                        [0m   [37mpos_api/domain/menu/handler.(*MenuHandler).Update-fm[0m
2026/08/16 13:48:13 [32mPOST[0m   [34m/api/menus/reorder                           [0m   [37mpos_api/domain/menu/handler.(*MenuHandler).Reorder-fm[0m
2026/08/16 13:48:13 [32mPOST[0m   [34m/api/auth/login                              [0m   [37mpos_api/domain/auth/handler.(*AuthHandler).Login-fm[0m
2026/08/16 13:48:13 [32mPOST[0m   [34m/api/auth/logout                             [0m   [37mpos_api/domain/auth/handler.(*AuthHandler).Logout-fm[0m
2026/08/16 13:48:13 [32mPOST[0m   [34m/api/auth/refresh                            [0m   [37mpos_api/domain/auth/handler.(*AuthHandler).RefreshToken-fm[0m
2026/08/16 13:48:13 [32mPOST[0m   [34m/api/auth/verify-token                       [0m   [37mpos_api/domain/auth/handler.(*AuthHandler).VerifyToken-fm[0m
2026/08/16 13:48:13 [32mPOST[0m   [34m/api/auth/me                                 [0m   [37mpos_api/domain/auth/handler.(*AuthHandler).GetMe-fm[0m
2026/08/16 13:48:13 [32mPOST[0m   [34m/api/transactions/list                       [0m   [37mpos_api/domain/transaction/handler.(*TransactionHandler).GetAll-fm[0m
2026/08/16 13:48:13 [32mPOST[0m   [34m/api/transactions/detail/:id                 [0m   [37mpos_api/domain/transaction/handler.(*TransactionHandler).GetByID-fm[0m
2026/08/16 13:48:13 [32mPOST[0m   [34m/api/transactions/create                     [0m   [37mpos_api/domain/transaction/handler.(*TransactionHandler).Create-fm[0m
2026/08/16 13:48:13 [32mPOST[0m   [34m/api/transactions/void/:id                   [0m   [37mpos_api/domain/transaction/handler.(*TransactionHandler).Void-fm[0m
2026/08/16 13:48:13 [32mPOST[0m   [34m/api/finance/summary                         [0m   [37mpos_api/domain/finance/handler.(*FinanceHandler).GetSummary-fm[0m
2026/08/16 13:48:13 [32mPOST[0m   [34m/api/finance/cashflow                        [0m   [37mpos_api/domain/finance/handler.(*FinanceHandler).GetCashflow-fm[0m
2026/08/16 13:48:13 [32mPOST[0m   [34m/api/version/list                            [0m   [37mpos_api/domain/version/handler.(*VersionHandler).GetAll-fm[0m
2026/08/16 13:48:13 [32mPOST[0m   [34m/api/version/android                         [0m   [37mpos_api/domain/version/handler.(*VersionHandler).UpdateAndroidVersion-fm[0m
2026/08/16 13:48:13 [32mPOST[0m   [34m/api/backup                                  [0m   [37mpos_api/domain/backup/handler.(*BackupHandler).Create-fm[0m
2026/08/16 13:48:13 [32mGET [0m   [34m/api/reports/business-summary/stats          [0m   [37mpos_api/domain/business_summary/handler.(*BusinessSummaryHandler).GetStats-fm[0m
2026/08/16 13:48:13 [32mGET [0m   [34m/api/reports/business-summary/sales-trend    [0m   [37mpos_api/domain/business_summary/handler.(*BusinessSummaryHandler).GetSalesTrend-fm[0m
2026/08/16 13:48:13 [32mGET [0m   [34m/api/reports/business-summary/summary-extra  [0m   [37mpos_api/domain/business_summary/handler.(*BusinessSummaryHandler).GetSummaryExtra-fm[0m
2026/08/16 13:48:13 [32mGET [0m   [34m/api/reports/business-summary/top-products   [0m   [37mpos_api/domain/business_summary/handler.(*BusinessSummaryHandler).GetTopProducts-fm[0m
2026/08/16 13:48:13 [32mGET [0m   [34m/api/reports/business-summary/top-categories [0m   [37mpos_api/domain/business_summary/handler.(*BusinessSummaryHandler).GetTopCategories-fm[0m
2026/08/16 13:48:13 [32mGET [0m   [34m/api/reports/business-summary/payment-methods[0m   [37mpos_api/domain/business_summary/handler.(*BusinessSummaryHandler).GetPaymentMethods-fm[0m
2026/08/16 13:48:13 [32mGET [0m   [34m/api/reports/sales                           [0m   [37mpos_api/domain/report/handler.(*ReportHandler).GetSalesReport-fm[0m
2026/08/16 13:48:13 [32mGET [0m   [34m/api/reports/sales/chart                     [0m   [37mpos_api/domain/report/handler.(*ReportHandler).GetSalesChart-fm[0m
2026/08/16 13:48:13 [32mGET [0m   [34m/api/reports/sales/export                    [0m   [37mpos_api/domain/report/handler.(*ReportHandler).ExportSalesReport-fm[0m
2026/08/16 13:48:13 [32mGET [0m   [34m/api/reports/stock                           [0m   [37mpos_api/domain/report/handler.(*ReportHandler).GetStockReport-fm[0m
2026/08/16 13:48:13 [32mGET [0m   [34m/api/reports/stock/export                    [0m   [37mpos_api/domain/report/handler.(*ReportHandler).ExportStockReport-fm[0m
2026/08/16 13:48:13 [32mGET [0m   [34m/api/reports/profit-loss                     [0m   [37mpos_api/domain/report/handler.(*ReportHandler).GetProfitLoss-fm[0m
2026/08/16 13:48:13 [32mGET [0m   [34m/api/reports/profit-loss/export              [0m   [37mpos_api/domain/report/handler.(*ReportHandler).ExportProfitLoss-fm[0m
2026/08/16 13:48:13 [32mGET [0m   [34m/api/reports/cashier                         [0m   [37mpos_api/domain/report/handler.(*ReportHandler).GetCashierReport-fm[0m
2026/08/16 13:48:13 [32mGET [0m   [34m/api/reports/cashier/export                  [0m   [37mpos_api/domain/report/handler.(*ReportHandler).ExportCashierReport-fm[0m
2026/08/16 13:48:13 [32mGET [0m   [34m/api/settings                                [0m   [37mpos_api/domain/setting/handler.(*SettingHandler).GetAll-fm[0m
2026/08/16 13:48:13 [32mGET [0m   [34m/api/settings/store                          [0m   [37mpos_api/domain/setting/handler.(*SettingHandler).GetStoreProfile-fm[0m
2026/08/16 13:48:13 [32mGET [0m   [34m/api/settings/printer                        [0m   [37mpos_api/domain/setting/handler.(*SettingHandler).GetPrinterSettings-fm[0m
2026/08/16 13:48:13 [32mGET [0m   [34m/api/settings/:key                           [0m   [37mpos_api/domain/setting/handler.(*SettingHandler).GetByKey-fm[0m
2026/08/16 13:48:13 [32mGET [0m   [34m/api/sync/conflicts                          [0m   [37mpos_api/domain/sync/handler.(*SyncHandler).GetConflicts-fm[0m
2026/08/16 13:48:13 [32mGET [0m   [34m/api/sync/conflicts/count                    [0m   [37mpos_api/domain/sync/handler.(*SyncHandler).GetConflictCount-fm[0m
2026/08/16 13:48:13 [32mGET [0m   [34m/api/sync/queue                              [0m   [37mpos_api/domain/sync/handler.(*SyncHandler).GetQueue-fm[0m
2026/08/16 13:48:13 [32mGET [0m   [34m/api/sync/history                            [0m   [37mpos_api/domain/sync/handler.(*SyncHandler).GetHistory-fm[0m
2026/08/16 13:48:13 [32mGET [0m   [34m/api/dashboard/recent-transactions           [0m   [37mpos_api/domain/dashboard/handler.(*DashboardHandler).GetRecentTransactions-fm[0m
2026/08/16 13:48:13 [32mGET [0m   [34m/api/dashboard/today-summary                 [0m   [37mpos_api/domain/dashboard/handler.(*DashboardHandler).GetTodaySummary-fm[0m
2026/08/16 13:48:13 [32mGET [0m   [34m/api/backup/list                             [0m   [37mpos_api/domain/backup/handler.(*BackupHandler).GetList-fm[0m
2026/08/16 13:48:13 [32mGET [0m   [34m/api/backup/download/:filename               [0m   [37mpos_api/domain/backup/handler.(*BackupHandler).Download-fm[0m
2026/08/16 13:48:13 [32mGET [0m   [34m/api/version/android                         [0m   [37mpos_api/domain/version/handler.(*VersionHandler).CheckAndroid-fm[0m
2026/08/16 13:48:13 [32mGET [0m   [34m/api/health                                  [0m   [37mpos_api/routes.publicRoutes.func1[0m
2026/08/16 13:48:13 [32mGET [0m   [34m/api/pin/check                               [0m   [37mpos_api/domain/pin/handler.(*PinHandler).CheckPin-fm[0m
[GIN] 2026/08/16 - 13:48:24 | 200 |            0s |             ::1 | GET      "/api/health"

2026/08/16 13:48:24 [32mD:/Develop/Project_pos_mahenz/BE/repository/log_request_repository.go:32
[0m[33m[3.560ms] [34;1m[rows:1][0m INSERT INTO log_requests (id, method, endpoint, status_code, request_body, response_body, user_id, duration_ms, ip_address, error_message, created_at) VALUES ('c47b248a-45ee-440a-b78e-8da9d10bb201', 'GET', '/api/health', 200, '', '{"code":"00","data":null,"message":"OK","status":true}', NULL, 0, '::1', NULL, '2026-08-16 13:48:24.739')

2026/08/16 13:48:41 [32mD:/Develop/Project_pos_mahenz/BE/domain/auth/repo/auth_repo.go:46
[0m[33m[1.696ms] [34;1m[rows:1][0m SELECT id, user_id, user_role, token, device_info, expires_at FROM sessions WHERE token = 'eyJhbGciOiJIUzI1NiIsInR5cCI6IkpXVCJ9.eyJhcHBzIjoiIiwiZXhwIjoxNzg2ODg4NTM1LCJmdWxsX25hbWUiOiJBZG1pbiIsInJvbGUiOiJhZG1pbiIsInVzZXJfaWQiOjUsInVzZXJuYW1lIjoiYWRtaW4ifQ.LgtA4JW-4mzziykoe4b_An8iu-hgCSHSlqiEopgSIz0' LIMIT 1

2026/08/16 13:48:41 [32mD:/Develop/Project_pos_mahenz/BE/domain/access/repo/access_repo.go:56
[0m[33m[1.152ms] [34;1m[rows:38][0m 
SELECT
    m.key_name,
    COALESCE(rma.can_view,   0) AS can_view,
    COALESCE(rma.can_create, 0) AS can_create,
    COALESCE(rma.can_edit,   0) AS can_edit,
    COALESCE(rma.can_delete, 0) AS can_delete
FROM menus m
LEFT JOIN role_menu_access rma ON rma.menu_id = m.id
    AND rma.role_id = (SELECT id FROM roles WHERE name = 'admin' AND is_active = 1 LIMIT 1)
WHERE m.is_active = 1
ORDER BY m.id ASC

2026/08/16 13:48:41 [32mD:/Develop/Project_pos_mahenz/BE/domain/product/repo/product_repo.go:138
[0m[33m[2.051ms] [34;1m[rows:1][0m 
		SELECT p.id, p.barcode, COALESCE(p.sku, '') as sku, p.name, p.category_id, COALESCE(c.name, '') as category_name,
		       p.purchase_price, p.selling_price, p.stock, p.reserved_qty, p.min_stock,
		       COALESCE(p.unit_id, 0) as unit_id, COALESCE(u.name, '') as unit_name, COALESCE(u.abbreviation, '') as unit_abbreviation,
		       p.is_active, p.created_at, p.updated_at,
		       (SELECT COUNT(*) FROM product_packages pp WHERE pp.product_id = p.id AND pp.is_default = 0) AS extra_packages,
		       (SELECT COUNT(*) FROM product_prices pr WHERE pr.product_id = p.id) AS price_tiers_count
		FROM products p
		LEFT JOIN categories c ON p.category_id = c.id
		LEFT JOIN units u ON u.id = p.unit_id
		WHERE p.id = 197 LIMIT 1

2026/08/16 13:48:41 [32mD:/Develop/Project_pos_mahenz/BE/domain/product_category/repo/product_category_repo.go:80
[0m[33m[2.035ms] [34;1m[rows:1][0m SELECT c.id, c.name, COALESCE(c.code, '') as code, c.description, COALESCE(c.is_active, 1) as is_active, (SELECT COUNT(*) FROM products p WHERE p.category_id = c.id) AS product_count, (SELECT COUNT(*) FROM products p WHERE p.category_id = c.id AND p.is_active = 1) AS active_product_count, c.created_at FROM categories c WHERE c.id = 1 LIMIT 1

2026/08/16 13:48:41 [32mD:/Develop/Project_pos_mahenz/BE/domain/product/repo/product_generate_repo.go:12
[0m[33m[0.530ms] [34;1m[rows:0][0m SELECT id FROM products WHERE barcode = '8998453416467' AND id != 197 LIMIT 1

2026/08/16 13:48:41 [32mD:/Develop/Project_pos_mahenz/BE/domain/product/repo/product_generate_repo.go:21
[0m[33m[0.618ms] [34;1m[rows:0][0m SELECT id FROM products WHERE sku = 'ROK-0018' AND id != 197 LIMIT 1

2026/08/16 13:48:41 [32mD:/Develop/Project_pos_mahenz/BE/domain/product/repo/product_generate_repo.go:30
[0m[33m[0.531ms] [34;1m[rows:0][0m SELECT id FROM products WHERE LOWER(TRIM(name)) = LOWER(TRIM('Djarum Super Kretek 12')) AND id != 197 LIMIT 1

2026/08/16 13:48:41 [32mD:/Develop/Project_pos_mahenz/BE/domain/product/repo/product_repo.go:277
[0m[33m[0.644ms] [34;1m[rows:1][0m UPDATE products SET barcode='8998453416467', sku='ROK-0018', name='Djarum Super Kretek 12', category_id=1, purchase_price=16000, selling_price=18000, min_stock=5, updated_at='2026-08-16 13:48:41.024' WHERE id=197

2026/08/16 13:48:41 [32mD:/Develop/Project_pos_mahenz/BE/domain/product/repo/product_repo.go:284
[0m[33m[0.000ms] [34;1m[rows:1][0m UPDATE product_packages SET purchase_price=16000, selling_price=18000, updated_at='2026-08-16 13:48:41.024' WHERE product_id=197 AND is_default=1

2026/08/16 13:48:41 [32mD:/Develop/Project_pos_mahenz/BE/domain/product/repo/product_repo.go:292
[0m[33m[0.613ms] [34;1m[rows:1][0m SELECT id, stock FROM product_packages WHERE product_id = 197 AND is_default = 1 LIMIT 1

2026/08/16 13:48:41 [32mD:/Develop/Project_pos_mahenz/BE/domain/product/repo/stock_delta_repo.go:78
[0m[33m[0.742ms] [34;1m[rows:1][0m SELECT needs_stock_review FROM products WHERE id = 197 FOR UPDATE

2026/08/16 13:48:41 [32mD:/Develop/Project_pos_mahenz/BE/domain/product/repo/stock_delta_repo.go:83
[0m[33m[0.599ms] [34;1m[rows:3][0m 
		SELECT pp.id, pp.product_id, pp.unit_id, COALESCE(u.name,'') AS unit_name, COALESCE(u.abbreviation,'') AS abbreviation,
		       COALESCE(pp.package_name,'') AS package_name, pp.ref_package_id, pp.qty, pp.ref_qty,
		       pp.purchase_price, pp.selling_price, pp.is_default, pp.stock, pp.reserved_qty, pp.is_active
		FROM product_packages pp
		JOIN units u ON u.id = pp.unit_id
		WHERE pp.product_id = 197 AND pp.is_active = 1
		FOR UPDATE

2026/08/16 13:48:41 [32mD:/Develop/Project_pos_mahenz/BE/domain/product/repo/stock_delta_repo.go:148
[0m[33m[0.648ms] [34;1m[rows:22][0m SELECT id, is_continuous FROM units

2026/08/16 13:48:41 [32mD:/Develop/Project_pos_mahenz/BE/domain/product/repo/stock_delta_repo.go:109
[0m[33m[0.922ms] [34;1m[rows:1][0m UPDATE product_packages SET stock = 10, updated_at = '2026-08-16 13:48:41.027' WHERE id = 323

2026/08/16 13:48:41 [32mD:/Develop/Project_pos_mahenz/BE/domain/product/repo/stock_delta_repo.go:109
[0m[33m[0.575ms] [34;1m[rows:1][0m UPDATE product_packages SET stock = 1, updated_at = '2026-08-16 13:48:41.027' WHERE id = 325

2026/08/16 13:48:41 [32mD:/Develop/Project_pos_mahenz/BE/domain/product/repo/stock_delta_repo.go:109
[0m[33m[0.505ms] [34;1m[rows:1][0m UPDATE product_packages SET stock = 2, updated_at = '2026-08-16 13:48:41.027' WHERE id = 324

2026/08/16 13:48:41 [32mD:/Develop/Project_pos_mahenz/BE/domain/product/repo/stock_delta_repo.go:114
[0m[33m[0.573ms] [34;1m[rows:1][0m UPDATE products SET stock = 10.416666666666666, updated_at = '2026-08-16 13:48:41.027' WHERE id = 197

2026/08/16 13:48:41 [32mD:/Develop/Project_pos_mahenz/BE/domain/product/repo/stock_delta_repo.go:118
[0m[33m[1.176ms] [34;1m[rows:1][0m 
		INSERT INTO stock_mutations
			(product_id, package_id, mutation_type, quantity, stock_before, stock_after, reference_type, reference_id, notes, user_id)
		VALUES (197, 323, 'adjustment', 2, 8.416666666666666, 10.416666666666666, 'product_edit', 197, 'Edit stok manual lewat form produk', 5)

2026/08/16 13:48:41 [32mD:/Develop/Project_pos_mahenz/BE/domain/product/repo/product_repo.go:138
[0m[33m[1.694ms] [34;1m[rows:1][0m 
		SELECT p.id, p.barcode, COALESCE(p.sku, '') as sku, p.name, p.category_id, COALESCE(c.name, '') as category_name,
		       p.purchase_price, p.selling_price, p.stock, p.reserved_qty, p.min_stock,
		       COALESCE(p.unit_id, 0) as unit_id, COALESCE(u.name, '') as unit_name, COALESCE(u.abbreviation, '') as unit_abbreviation,
		       p.is_active, p.created_at, p.updated_at,
		       (SELECT COUNT(*) FROM product_packages pp WHERE pp.product_id = p.id AND pp.is_default = 0) AS extra_packages,
		       (SELECT COUNT(*) FROM product_prices pr WHERE pr.product_id = p.id) AS price_tiers_count
		FROM products p
		LEFT JOIN categories c ON p.category_id = c.id
		LEFT JOIN units u ON u.id = p.unit_id
		WHERE p.id = 197 LIMIT 1
[GIN] 2026/08/16 - 13:48:41 | 200 |     23.4312ms |             ::1 | POST     "/api/products/update/197"

2026/08/16 13:48:41 [32mD:/Develop/Project_pos_mahenz/BE/repository/log_request_repository.go:32
[0m[33m[2.693ms] [34;1m[rows:1][0m INSERT INTO log_requests (id, method, endpoint, status_code, request_body, response_body, user_id, duration_ms, ip_address, error_message, created_at) VALUES ('dd558f80-a063-40da-a444-eec82d080638', 'POST', '/api/products/update/197', 200, '{
  "barcode": "8998453416467",
  "sku": "ROK-0018",
  "name": "Djarum Super Kretek 12",
  "category_id": 1,
  "purchase_price": 16000,
  "selling_price": 18000,
  "stock": 10,
  "min_stock": 5
}', '{"code":"00","status":true,"message":"Produk berhasil diperbarui","data":{"id":197,"barcode":"8998453416467","sku":"ROK-0018","name":"Djarum Super Kretek 12","category_id":1,"category_name":"Rokok (isi 12)","purchase_price":16000,"selling_price":18000,"stock":10.417,"reserved_qty":0,"min_stock":5,"unit_id":2,"unit_name":"Pack","unit_abbreviation":"Pck","is_active":true,"extra_packages":2,"price_tiers_count":0}}', 5, 23, '::1', NULL, '2026-08-16 13:48:41.037')

2026/08/16 13:49:02 [32mD:/Develop/Project_pos_mahenz/BE/domain/auth/repo/auth_repo.go:46
[0m[33m[1.045ms] [34;1m[rows:1][0m SELECT id, user_id, user_role, token, device_info, expires_at FROM sessions WHERE token = 'eyJhbGciOiJIUzI1NiIsInR5cCI6IkpXVCJ9.eyJhcHBzIjoiIiwiZXhwIjoxNzg2ODg4NTM1LCJmdWxsX25hbWUiOiJBZG1pbiIsInJvbGUiOiJhZG1pbiIsInVzZXJfaWQiOjUsInVzZXJuYW1lIjoiYWRtaW4ifQ.LgtA4JW-4mzziykoe4b_An8iu-hgCSHSlqiEopgSIz0' LIMIT 1

2026/08/16 13:49:02 [32mD:/Develop/Project_pos_mahenz/BE/domain/product/repo/product_repo.go:138
[0m[33m[1.190ms] [34;1m[rows:1][0m 
		SELECT p.id, p.barcode, COALESCE(p.sku, '') as sku, p.name, p.category_id, COALESCE(c.name, '') as category_name,
		       p.purchase_price, p.selling_price, p.stock, p.reserved_qty, p.min_stock,
		       COALESCE(p.unit_id, 0) as unit_id, COALESCE(u.name, '') as unit_name, COALESCE(u.abbreviation, '') as unit_abbreviation,
		       p.is_active, p.created_at, p.updated_at,
		       (SELECT COUNT(*) FROM product_packages pp WHERE pp.product_id = p.id AND pp.is_default = 0) AS extra_packages,
		       (SELECT COUNT(*) FROM product_prices pr WHERE pr.product_id = p.id) AS price_tiers_count
		FROM products p
		LEFT JOIN categories c ON p.category_id = c.id
		LEFT JOIN units u ON u.id = p.unit_id
		WHERE p.id = 197 LIMIT 1

2026/08/16 13:49:02 [32mD:/Develop/Project_pos_mahenz/BE/domain/product_category/repo/product_category_repo.go:80
[0m[33m[2.078ms] [34;1m[rows:1][0m SELECT c.id, c.name, COALESCE(c.code, '') as code, c.description, COALESCE(c.is_active, 1) as is_active, (SELECT COUNT(*) FROM products p WHERE p.category_id = c.id) AS product_count, (SELECT COUNT(*) FROM products p WHERE p.category_id = c.id AND p.is_active = 1) AS active_product_count, c.created_at FROM categories c WHERE c.id = 1 LIMIT 1

2026/08/16 13:49:02 [32mD:/Develop/Project_pos_mahenz/BE/domain/product/repo/product_generate_repo.go:12
[0m[33m[0.550ms] [34;1m[rows:0][0m SELECT id FROM products WHERE barcode = '8998453416467' AND id != 197 LIMIT 1

2026/08/16 13:49:02 [32mD:/Develop/Project_pos_mahenz/BE/domain/product/repo/product_generate_repo.go:21
[0m[33m[0.572ms] [34;1m[rows:0][0m SELECT id FROM products WHERE sku = 'ROK-0018' AND id != 197 LIMIT 1

2026/08/16 13:49:02 [32mD:/Develop/Project_pos_mahenz/BE/domain/product/repo/product_generate_repo.go:30
[0m[33m[0.000ms] [34;1m[rows:0][0m SELECT id FROM products WHERE LOWER(TRIM(name)) = LOWER(TRIM('Djarum Super Kretek 12 EDIT')) AND id != 197 LIMIT 1

2026/08/16 13:49:02 [32mD:/Develop/Project_pos_mahenz/BE/domain/product/repo/product_repo.go:277
[0m[33m[0.558ms] [34;1m[rows:1][0m UPDATE products SET barcode='8998453416467', sku='ROK-0018', name='Djarum Super Kretek 12 EDIT', category_id=1, purchase_price=16000, selling_price=18000, min_stock=5, updated_at='2026-08-16 13:49:02.37' WHERE id=197

2026/08/16 13:49:02 [32mD:/Develop/Project_pos_mahenz/BE/domain/product/repo/product_repo.go:284
[0m[33m[0.511ms] [34;1m[rows:1][0m UPDATE product_packages SET purchase_price=16000, selling_price=18000, updated_at='2026-08-16 13:49:02.37' WHERE product_id=197 AND is_default=1

2026/08/16 13:49:02 [32mD:/Develop/Project_pos_mahenz/BE/domain/product/repo/product_repo.go:292
[0m[33m[0.659ms] [34;1m[rows:1][0m SELECT id, stock FROM product_packages WHERE product_id = 197 AND is_default = 1 LIMIT 1

2026/08/16 13:49:02 [32mD:/Develop/Project_pos_mahenz/BE/domain/product/repo/product_repo.go:138
[0m[33m[0.869ms] [34;1m[rows:1][0m 
		SELECT p.id, p.barcode, COALESCE(p.sku, '') as sku, p.name, p.category_id, COALESCE(c.name, '') as category_name,
		       p.purchase_price, p.selling_price, p.stock, p.reserved_qty, p.min_stock,
		       COALESCE(p.unit_id, 0) as unit_id, COALESCE(u.name, '') as unit_name, COALESCE(u.abbreviation, '') as unit_abbreviation,
		       p.is_active, p.created_at, p.updated_at,
		       (SELECT COUNT(*) FROM product_packages pp WHERE pp.product_id = p.id AND pp.is_default = 0) AS extra_packages,
		       (SELECT COUNT(*) FROM product_prices pr WHERE pr.product_id = p.id) AS price_tiers_count
		FROM products p
		LEFT JOIN categories c ON p.category_id = c.id
		LEFT JOIN units u ON u.id = p.unit_id
		WHERE p.id = 197 LIMIT 1
[GIN] 2026/08/16 - 13:49:02 | 200 |      16.449ms |             ::1 | POST     "/api/products/update/197"

2026/08/16 13:49:02 [32mD:/Develop/Project_pos_mahenz/BE/repository/log_request_repository.go:32
[0m[33m[2.762ms] [34;1m[rows:1][0m INSERT INTO log_requests (id, method, endpoint, status_code, request_body, response_body, user_id, duration_ms, ip_address, error_message, created_at) VALUES ('a5a8f962-f9d7-47bf-8c79-9f7f4cbabc2d', 'POST', '/api/products/update/197', 200, '{
  "barcode": "8998453416467",
  "sku": "ROK-0018",
  "name": "Djarum Super Kretek 12 EDIT",
  "category_id": 1,
  "purchase_price": 16000,
  "selling_price": 18000,
  "stock": 10,
  "min_stock": 5
}', '{"code":"00","status":true,"message":"Produk berhasil diperbarui","data":{"id":197,"barcode":"8998453416467","sku":"ROK-0018","name":"Djarum Super Kretek 12 EDIT","category_id":1,"category_name":"Rokok (isi 12)","purchase_price":16000,"selling_price":18000,"stock":10.417,"reserved_qty":0,"min_stock":5,"unit_id":2,"unit_name":"Pack","unit_abbreviation":"Pck","is_active":true,"extra_packages":2,"price_tiers_count":0}}', 5, 16, '::1', NULL, '2026-08-16 13:49:02.377')

2026/08/16 13:49:20 [32mD:/Develop/Project_pos_mahenz/BE/domain/auth/repo/auth_repo.go:46
[0m[33m[0.724ms] [34;1m[rows:1][0m SELECT id, user_id, user_role, token, device_info, expires_at FROM sessions WHERE token = 'eyJhbGciOiJIUzI1NiIsInR5cCI6IkpXVCJ9.eyJhcHBzIjoiIiwiZXhwIjoxNzg2ODg4NTM1LCJmdWxsX25hbWUiOiJBZG1pbiIsInJvbGUiOiJhZG1pbiIsInVzZXJfaWQiOjUsInVzZXJuYW1lIjoiYWRtaW4ifQ.LgtA4JW-4mzziykoe4b_An8iu-hgCSHSlqiEopgSIz0' LIMIT 1

2026/08/16 13:49:20 [32mD:/Develop/Project_pos_mahenz/BE/domain/product/repo/product_repo.go:138
[0m[33m[0.577ms] [34;1m[rows:1][0m 
		SELECT p.id, p.barcode, COALESCE(p.sku, '') as sku, p.name, p.category_id, COALESCE(c.name, '') as category_name,
		       p.purchase_price, p.selling_price, p.stock, p.reserved_qty, p.min_stock,
		       COALESCE(p.unit_id, 0) as unit_id, COALESCE(u.name, '') as unit_name, COALESCE(u.abbreviation, '') as unit_abbreviation,
		       p.is_active, p.created_at, p.updated_at,
		       (SELECT COUNT(*) FROM product_packages pp WHERE pp.product_id = p.id AND pp.is_default = 0) AS extra_packages,
		       (SELECT COUNT(*) FROM product_prices pr WHERE pr.product_id = p.id) AS price_tiers_count
		FROM products p
		LEFT JOIN categories c ON p.category_id = c.id
		LEFT JOIN units u ON u.id = p.unit_id
		WHERE p.id = 197 LIMIT 1

2026/08/16 13:49:20 [32mD:/Develop/Project_pos_mahenz/BE/domain/product_category/repo/product_category_repo.go:80
[0m[33m[0.359ms] [34;1m[rows:1][0m SELECT c.id, c.name, COALESCE(c.code, '') as code, c.description, COALESCE(c.is_active, 1) as is_active, (SELECT COUNT(*) FROM products p WHERE p.category_id = c.id) AS product_count, (SELECT COUNT(*) FROM products p WHERE p.category_id = c.id AND p.is_active = 1) AS active_product_count, c.created_at FROM categories c WHERE c.id = 1 LIMIT 1

2026/08/16 13:49:20 [32mD:/Develop/Project_pos_mahenz/BE/domain/product/repo/product_generate_repo.go:12
[0m[33m[1.058ms] [34;1m[rows:0][0m SELECT id FROM products WHERE barcode = '8998453416467' AND id != 197 LIMIT 1

2026/08/16 13:49:20 [32mD:/Develop/Project_pos_mahenz/BE/domain/product/repo/product_generate_repo.go:21
[0m[33m[0.559ms] [34;1m[rows:0][0m SELECT id FROM products WHERE sku = 'ROK-0018' AND id != 197 LIMIT 1

2026/08/16 13:49:20 [32mD:/Develop/Project_pos_mahenz/BE/domain/product/repo/product_generate_repo.go:30
[0m[33m[0.665ms] [34;1m[rows:0][0m SELECT id FROM products WHERE LOWER(TRIM(name)) = LOWER(TRIM('Djarum Super Kretek 12')) AND id != 197 LIMIT 1

2026/08/16 13:49:20 [32mD:/Develop/Project_pos_mahenz/BE/domain/product/repo/product_repo.go:277
[0m[33m[0.664ms] [34;1m[rows:1][0m UPDATE products SET barcode='8998453416467', sku='ROK-0018', name='Djarum Super Kretek 12', category_id=1, purchase_price=16000, selling_price=18000, min_stock=5, updated_at='2026-08-16 13:49:20.075' WHERE id=197

2026/08/16 13:49:20 [32mD:/Develop/Project_pos_mahenz/BE/domain/product/repo/product_repo.go:284
[0m[33m[0.537ms] [34;1m[rows:1][0m UPDATE product_packages SET purchase_price=16000, selling_price=18000, updated_at='2026-08-16 13:49:20.075' WHERE product_id=197 AND is_default=1

2026/08/16 13:49:20 [32mD:/Develop/Project_pos_mahenz/BE/domain/product/repo/product_repo.go:292
[0m[33m[0.603ms] [34;1m[rows:1][0m SELECT id, stock FROM product_packages WHERE product_id = 197 AND is_default = 1 LIMIT 1

2026/08/16 13:49:20 [32mD:/Develop/Project_pos_mahenz/BE/domain/product/repo/product_repo.go:138
[0m[33m[0.000ms] [34;1m[rows:1][0m 
		SELECT p.id, p.barcode, COALESCE(p.sku, '') as sku, p.name, p.category_id, COALESCE(c.name, '') as category_name,
		       p.purchase_price, p.selling_price, p.stock, p.reserved_qty, p.min_stock,
		       COALESCE(p.unit_id, 0) as unit_id, COALESCE(u.name, '') as unit_name, COALESCE(u.abbreviation, '') as unit_abbreviation,
		       p.is_active, p.created_at, p.updated_at,
		       (SELECT COUNT(*) FROM product_packages pp WHERE pp.product_id = p.id AND pp.is_default = 0) AS extra_packages,
		       (SELECT COUNT(*) FROM product_prices pr WHERE pr.product_id = p.id) AS price_tiers_count
		FROM products p
		LEFT JOIN categories c ON p.category_id = c.id
		LEFT JOIN units u ON u.id = p.unit_id
		WHERE p.id = 197 LIMIT 1
[GIN] 2026/08/16 - 13:49:20 | 200 |     10.6089ms |             ::1 | POST     "/api/products/update/197"

2026/08/16 13:49:20 [32mD:/Develop/Project_pos_mahenz/BE/repository/log_request_repository.go:32
[0m[33m[2.155ms] [34;1m[rows:1][0m INSERT INTO log_requests (id, method, endpoint, status_code, request_body, response_body, user_id, duration_ms, ip_address, error_message, created_at) VALUES ('a8aee839-1c04-4677-9fa8-764e0e8a9503', 'POST', '/api/products/update/197', 200, '{
  "barcode": "8998453416467",
  "sku": "ROK-0018",
  "name": "Djarum Super Kretek 12",
  "category_id": 1,
  "purchase_price": 16000,
  "selling_price": 18000,
  "stock": 10,
  "min_stock": 5
}', '{"code":"00","status":true,"message":"Produk berhasil diperbarui","data":{"id":197,"barcode":"8998453416467","sku":"ROK-0018","name":"Djarum Super Kretek 12","category_id":1,"category_name":"Rokok (isi 12)","purchase_price":16000,"selling_price":18000,"stock":10.417,"reserved_qty":0,"min_stock":5,"unit_id":2,"unit_name":"Pack","unit_abbreviation":"Pck","is_active":true,"extra_packages":2,"price_tiers_count":0}}', 5, 10, '::1', NULL, '2026-08-16 13:49:20.08')
[GIN] 2026/08/16 - 13:55:19 | 400 |       618.9µs |             ::1 | GET      "/health"
Error #01: Route not found

2026/08/16 13:55:19 [32mD:/Develop/Project_pos_mahenz/BE/repository/log_request_repository.go:32
[0m[33m[12.588ms] [34;1m[rows:1][0m INSERT INTO log_requests (id, method, endpoint, status_code, request_body, response_body, user_id, duration_ms, ip_address, error_message, created_at) VALUES ('2ad83649-7c20-4cf8-b1f3-a4dfa93f0a8b', 'GET', '/health', 400, '', '{"code":"40","status":false,"message":"Route not found","data":null}', NULL, 0, '::1', 'Route not found', '2026-08-16 13:55:19.863')
[GIN] 2026/08/16 - 13:55:19 | 401 |            0s |             ::1 | POST     "/api/products/detail/197"
Error #01: Token tidak ditemukan

2026/08/16 13:55:19 [32mD:/Develop/Project_pos_mahenz/BE/repository/log_request_repository.go:32
[0m[33m[2.994ms] [34;1m[rows:1][0m INSERT INTO log_requests (id, method, endpoint, status_code, request_body, response_body, user_id, duration_ms, ip_address, error_message, created_at) VALUES ('3e29017d-3c01-4679-bf34-f7514a066811', 'POST', '/api/products/detail/197', 401, '', '{"code":"41","status":false,"message":"Token tidak ditemukan","data":null}', NULL, 0, '::1', 'Token tidak ditemukan', '2026-08-16 13:55:19.978')

2026/08/16 13:55:30 [32mD:/Develop/Project_pos_mahenz/BE/domain/auth/repo/auth_repo.go:46
[0m[33m[1.164ms] [34;1m[rows:1][0m SELECT id, user_id, user_role, token, device_info, expires_at FROM sessions WHERE token = 'eyJhbGciOiJIUzI1NiIsInR5cCI6IkpXVCJ9.eyJhcHBzIjoiIiwiZXhwIjoxNzg2ODg4NTM1LCJmdWxsX25hbWUiOiJBZG1pbiIsInJvbGUiOiJhZG1pbiIsInVzZXJfaWQiOjUsInVzZXJuYW1lIjoiYWRtaW4ifQ.LgtA4JW-4mzziykoe4b_An8iu-hgCSHSlqiEopgSIz0' LIMIT 1

2026/08/16 13:55:30 [32mD:/Develop/Project_pos_mahenz/BE/domain/product/repo/product_repo.go:138
[0m[33m[2.693ms] [34;1m[rows:1][0m 
		SELECT p.id, p.barcode, COALESCE(p.sku, '') as sku, p.name, p.category_id, COALESCE(c.name, '') as category_name,
		       p.purchase_price, p.selling_price, p.stock, p.reserved_qty, p.min_stock,
		       COALESCE(p.unit_id, 0) as unit_id, COALESCE(u.name, '') as unit_name, COALESCE(u.abbreviation, '') as unit_abbreviation,
		       p.is_active, p.created_at, p.updated_at,
		       (SELECT COUNT(*) FROM product_packages pp WHERE pp.product_id = p.id AND pp.is_default = 0) AS extra_packages,
		       (SELECT COUNT(*) FROM product_prices pr WHERE pr.product_id = p.id) AS price_tiers_count
		FROM products p
		LEFT JOIN categories c ON p.category_id = c.id
		LEFT JOIN units u ON u.id = p.unit_id
		WHERE p.id = 197 LIMIT 1
[GIN] 2026/08/16 - 13:55:30 | 200 |      3.8566ms |             ::1 | POST     "/api/products/detail/197"

2026/08/16 13:55:30 [32mD:/Develop/Project_pos_mahenz/BE/repository/log_request_repository.go:32
[0m[33m[2.728ms] [34;1m[rows:1][0m INSERT INTO log_requests (id, method, endpoint, status_code, request_body, response_body, user_id, duration_ms, ip_address, error_message, created_at) VALUES ('7a7787f2-bcfd-4f18-9f83-402ed426edf8', 'POST', '/api/products/detail/197', 200, '', '{"code":"00","status":true,"message":"Detail produk","data":{"id":197,"barcode":"8998453416467","sku":"ROK-0018","name":"Djarum Super Kretek 12","category_id":1,"category_name":"Rokok (isi 12)","purchase_price":16000,"selling_price":18000,"stock":10.417,"reserved_qty":0,"min_stock":5,"unit_id":2,"unit_name":"Pack","unit_abbreviation":"Pck","is_active":true,"extra_packages":2,"price_tiers_count":0}}', 5, 3, '::1', NULL, '2026-08-16 13:55:30.513')

2026/08/16 13:56:26 [32mD:/Develop/Project_pos_mahenz/BE/domain/auth/repo/auth_repo.go:46
[0m[33m[1.051ms] [34;1m[rows:1][0m SELECT id, user_id, user_role, token, device_info, expires_at FROM sessions WHERE token = 'eyJhbGciOiJIUzI1NiIsInR5cCI6IkpXVCJ9.eyJhcHBzIjoiIiwiZXhwIjoxNzg2ODg4NTM1LCJmdWxsX25hbWUiOiJBZG1pbiIsInJvbGUiOiJhZG1pbiIsInVzZXJfaWQiOjUsInVzZXJuYW1lIjoiYWRtaW4ifQ.LgtA4JW-4mzziykoe4b_An8iu-hgCSHSlqiEopgSIz0' LIMIT 1

2026/08/16 13:56:26 [32mD:/Develop/Project_pos_mahenz/BE/domain/product/repo/product_repo.go:138
[0m[33m[0.552ms] [34;1m[rows:1][0m 
		SELECT p.id, p.barcode, COALESCE(p.sku, '') as sku, p.name, p.category_id, COALESCE(c.name, '') as category_name,
		       p.purchase_price, p.selling_price, p.stock, p.reserved_qty, p.min_stock,
		       COALESCE(p.unit_id, 0) as unit_id, COALESCE(u.name, '') as unit_name, COALESCE(u.abbreviation, '') as unit_abbreviation,
		       p.is_active, p.created_at, p.updated_at,
		       (SELECT COUNT(*) FROM product_packages pp WHERE pp.product_id = p.id AND pp.is_default = 0) AS extra_packages,
		       (SELECT COUNT(*) FROM product_prices pr WHERE pr.product_id = p.id) AS price_tiers_count
		FROM products p
		LEFT JOIN categories c ON p.category_id = c.id
		LEFT JOIN units u ON u.id = p.unit_id
		WHERE p.id = 197 LIMIT 1

2026/08/16 13:56:26 [32mD:/Develop/Project_pos_mahenz/BE/domain/product/repo/product_package_repo.go:24
[0m[33m[0.567ms] [34;1m[rows:3][0m 
		SELECT pp.id, pp.product_id, pp.unit_id, COALESCE(u.name, '') AS unit_name, COALESCE(u.abbreviation, '') AS abbreviation,
		       COALESCE(pp.package_name, '') AS package_name, pp.ref_package_id, pp.qty, pp.ref_qty, pp.purchase_price, pp.selling_price, pp.is_default
		FROM product_packages pp
		JOIN units u ON u.id = pp.unit_id
		WHERE pp.product_id = 197

2026/08/16 13:56:26 [32mD:/Develop/Project_pos_mahenz/BE/pkg/syncmap/syncmap.go:29
[0m[33m[1.329ms] [34;1m[rows:-][0m SELECT server_id FROM sync_id_map WHERE device_id = 'test-device-sync-1' AND local_id = 'test-local-tx-1' AND entity_type = 'transaction' LIMIT 1

2026/08/16 13:56:26 [32mD:/Develop/Project_pos_mahenz/BE/domain/transaction/repo/transaction_repo.go:424
[0m[33m[0.526ms] [34;1m[rows:1][0m SELECT (stock - reserved_qty) FROM products WHERE id = 197 FOR UPDATE

2026/08/16 13:56:26 [32mD:/Develop/Project_pos_mahenz/BE/domain/transaction/repo/transaction_repo.go:440
[0m[33m[0.833ms] [34;1m[rows:1][0m SELECT COUNT(*) FROM transactions WHERE DATE(transaction_date) = '2026-08-16' AND device_source = 'desktop'

2026/08/16 13:56:26 [32mD:/Develop/Project_pos_mahenz/BE/domain/transaction/repo/transaction_repo.go:446
[0m[33m[1.201ms] [34;1m[rows:1][0m INSERT INTO transactions (transaction_code, user_id, shift_id, transaction_date, subtotal, discount, tax, total_amount, payment_method, payment_amount, change_amount, customer_id, is_credit, status, device_source) VALUES ('DSK-20260816-001', 5, NULL, '2026-08-16 13:56:26.84', 2000, 0, 0, 2000, 'cash', 2000, 0, NULL, false, 'completed', 'desktop')

2026/08/16 13:56:26 [32mD:/Develop/Project_pos_mahenz/BE/domain/transaction/repo/transaction_repo.go:456
[0m[33m[0.000ms] [34;1m[rows:1][0m SELECT LAST_INSERT_ID()

2026/08/16 13:56:26 [32mD:/Develop/Project_pos_mahenz/BE/pkg/syncmap/syncmap.go:44
[0m[33m[0.506ms] [34;1m[rows:1][0m INSERT INTO sync_id_map (device_id, local_id, entity_type, server_id) VALUES ('test-device-sync-1', 'test-local-tx-1', 'transaction', 212)

2026/08/16 13:56:26 [32mD:/Develop/Project_pos_mahenz/BE/domain/transaction/repo/transaction_repo.go:467
[0m[33m[0.519ms] [34;1m[rows:1][0m SELECT stock FROM products WHERE id = 197 LIMIT 1

2026/08/16 13:56:26 [32mD:/Develop/Project_pos_mahenz/BE/domain/transaction/repo/transaction_repo.go:472
[0m[33m[0.584ms] [34;1m[rows:1][0m SELECT purchase_price FROM products WHERE id = 197 LIMIT 1

2026/08/16 13:56:26 [32mD:/Develop/Project_pos_mahenz/BE/domain/transaction/repo/transaction_repo.go:476
[0m[33m[0.572ms] [34;1m[rows:1][0m UPDATE products SET stock = stock - 1, updated_at = '2026-08-16 13:56:26.84' WHERE id = 197 AND (stock - reserved_qty) >= 1

2026/08/16 13:56:26 [32mD:/Develop/Project_pos_mahenz/BE/domain/transaction/repo/transaction_repo.go:480
[0m[33m[0.513ms] [34;1m[rows:1][0m INSERT INTO transaction_items (transaction_id, product_id, product_name, quantity, unit, price, purchase_price, subtotal, discount_item, conversion_qty, unit_id) VALUES (212, 197, 'Djarum Super Kretek 12', 1, 'Pieces', 2000, 16000, 2000, 0, 1, 324)

2026/08/16 13:56:26 [32mD:/Develop/Project_pos_mahenz/BE/domain/transaction/repo/transaction_repo.go:490
[0m[33m[0.532ms] [34;1m[rows:1][0m INSERT INTO stock_mutations (product_id, mutation_type, quantity, stock_before, stock_after, reference_type, reference_id, notes, user_id) VALUES (197, 'out', 1, 10.417, 9.417, 'transaction', 212, 'Sync offline tx test-local-tx-1', 5)

2026/08/16 13:56:26 [32mD:/Develop/Project_pos_mahenz/BE/domain/cash_drawer/repo/cash_drawer_repo.go:135
[0m[33m[1.573ms] [34;1m[rows:1][0m SELECT cd.id, cd.user_id, cd.shift_id, cd.open_time, cd.opening_balance, cd.total_sales, cd.total_cash_sales, cd.total_expenses, (cd.opening_balance + COALESCE((SELECT SUM(total_amount) FROM transactions WHERE user_id = cd.user_id AND payment_method = 'cash' AND status = 'completed' AND transaction_date >= cd.open_time), 0) - COALESCE((SELECT SUM(amount) FROM expenses WHERE user_id = cd.user_id AND created_at >= cd.open_time), 0)) as expected_balance, cd.status FROM cash_drawer cd WHERE cd.user_id = 5 AND cd.status = 'open' LIMIT 1

2026/08/16 13:56:26 [32mD:/Develop/Project_pos_mahenz/BE/domain/cash_drawer/repo/cash_drawer_repo.go:266
[0m[33m[0.538ms] [34;1m[rows:1][0m UPDATE cash_drawer SET total_sales = total_sales + 2000, total_cash_sales = total_cash_sales + 2000, expected_balance = opening_balance + total_cash_sales - total_expenses, updated_at = '2026-08-16 13:56:26.847' WHERE id = 11

2026/08/16 13:56:26 [32mD:/Develop/Project_pos_mahenz/BE/domain/sync/repo/sync_repo.go:257
[0m[33m[3.198ms] [34;1m[rows:1][0m INSERT INTO sync_queue (device_id, local_id, entity_type, entity_id, action, payload, status) VALUES ('test-device-sync-1', 'test-local-tx-1', 'transaction', 0, 'create', '{"user_id":5,"shift_id":null,"subtotal":2000,"discount":0,"tax":0,"total_amount":2000,"payment_method":"cash","payment_amount":2000,"change_amount":0,"customer_id":null,"is_credit":false,"device_source":"desktop","items":[{"product_id":197,"product_name":"Djarum Super Kretek 12","quantity":1,"unit":"Pieces","price":2000,"subtotal":2000,"discount_item":0,"conversion_qty":1,"unit_id":324}]}', 'synced')

2026/08/16 13:56:26 [32mD:/Develop/Project_pos_mahenz/BE/domain/sync/repo/sync_repo.go:262
[0m[33m[0.000ms] [34;1m[rows:1][0m SELECT LAST_INSERT_ID()

2026/08/16 13:56:26 [32mD:/Develop/Project_pos_mahenz/BE/domain/sync/repo/sync_repo.go:271
[0m[33m[2.632ms] [34;1m[rows:1][0m INSERT INTO sync_history (device_id, device_type, total_items, synced_items, conflict_items, failed_items, pending_items, duration_ms, status, started_at, finished_at) VALUES ('test-device-sync-1', 'desktop', 1, 1, 0, 0, 0, 17, 'success', '2026-08-16 13:56:26.836', '2026-08-16 13:56:26.853')
[GIN] 2026/08/16 - 13:56:26 | 200 |     21.3593ms |             ::1 | POST     "/api/sync/push"

2026/08/16 13:56:26 [32mD:/Develop/Project_pos_mahenz/BE/repository/log_request_repository.go:32
[0m[33m[2.950ms] [34;1m[rows:1][0m INSERT INTO log_requests (id, method, endpoint, status_code, request_body, response_body, user_id, duration_ms, ip_address, error_message, created_at) VALUES ('ebf705ed-3cc6-45ec-8c1a-1957b1bd47fb', 'POST', '/api/sync/push', 200, '{"device_id":"test-device-sync-1","device_type":"desktop","items":[{"local_id":"test-local-tx-1","server_id":0,"entity_type":"transaction","entity_id":0,"action":"create","payload":"{\"user_id\":5,\"shift_id\":null,\"subtotal\":2000,\"discount\":0,\"tax\":0,\"total_amount\":2000,\"payment_method\":\"cash\",\"payment_amount\":2000,\"change_amount\":0,\"customer_id\":null,\"is_credit\":false,\"device_source\":\"desktop\",\"items\":[{\"product_id\":197,\"product_name\":\"Djarum Super Kretek 12\",\"quantity\":1,\"unit\":\"Pieces\",\"price\":2000,\"subtotal\":2000,\"discount_item\":0,\"conversion_qty\":1,\"unit_id\":324}]}","desktop_time":"2026-08-16T06:56:17.341Z","updated_at":"2026-08-16T06:56:17.343Z"}]}', '{"code":"00","status":true,"message":"Push sync berhasil diproses","data":{"processed":1,"conflicts":0,"failed":0,"pending":0,"results":[{"local_id":"test-local-tx-1","status":"synced","server_id":212}]}}', 5, 21, '::1', NULL, '2026-08-16 13:56:26.855')
exit status 0xffffffff
