
2026/08/16 13:30:17 [32mD:/Develop/Project_pos_mahenz/BE/database/migrate.go:99
[0m[33m[1.198ms] [34;1m[rows:0][0m CREATE TABLE IF NOT EXISTS migrations_history (
		id          INT AUTO_INCREMENT PRIMARY KEY,
		filename    VARCHAR(255) UNIQUE NOT NULL,
		executed_at DATETIME DEFAULT CURRENT_TIMESTAMP
	) DEFAULT CHARSET=utf8

2026/08/16 13:30:17 [32mD:/Develop/Project_pos_mahenz/BE/database/migrate.go:27
[0m[33m[0.528ms] [34;1m[rows:1][0m SELECT COUNT(*) FROM migrations_history

2026/08/16 13:30:17 [32mD:/Develop/Project_pos_mahenz/BE/database/migrate.go:28
[0m[33m[0.626ms] [34;1m[rows:1][0m SELECT COUNT(*) FROM information_schema.tables WHERE table_schema = DATABASE() AND table_name != 'migrations_history'

2026/08/16 13:30:17 [32mD:/Develop/Project_pos_mahenz/BE/database/migrate.go:104
[0m[33m[0.567ms] [34;1m[rows:1][0m SELECT COUNT(*) FROM migrations_history WHERE filename = '001_init_schema.sql'

2026/08/16 13:30:17 [32mD:/Develop/Project_pos_mahenz/BE/database/migrate.go:104
[0m[33m[0.773ms] [34;1m[rows:1][0m SELECT COUNT(*) FROM migrations_history WHERE filename = '002_seed_data.sql'

2026/08/16 13:30:17 [32mD:/Develop/Project_pos_mahenz/BE/database/migrate.go:104
[0m[33m[0.731ms] [34;1m[rows:1][0m SELECT COUNT(*) FROM migrations_history WHERE filename = '003_fix_receivables_status_enum.sql'

2026/08/16 13:30:17 [32mD:/Develop/Project_pos_mahenz/BE/database/migrate.go:104
[0m[33m[0.975ms] [34;1m[rows:1][0m SELECT COUNT(*) FROM migrations_history WHERE filename = '004_stock_per_package_level.sql'
2026/08/16 13:30:17 [37mServer running on port[0m :8080
2026/08/16 13:30:17 [37mRoutes:[0m
2026/08/16 13:30:17 [32mPOST[0m   [34m/api/supplier-purchases/detail/:id           [0m   [37mpos_api/domain/supplier_purchase/handler.(*PurchaseHandler).GetByID-fm[0m
2026/08/16 13:30:17 [32mPOST[0m   [34m/api/supplier-purchases/delete/:id           [0m   [37mpos_api/domain/supplier_purchase/handler.(*PurchaseHandler).Delete-fm[0m
2026/08/16 13:30:17 [32mPOST[0m   [34m/api/supplier-purchases/generate-code        [0m   [37mpos_api/domain/supplier_purchase/handler.(*PurchaseHandler).GenerateCode-fm[0m
2026/08/16 13:30:17 [32mPOST[0m   [34m/api/supplier-purchases/list                 [0m   [37mpos_api/domain/supplier_purchase/handler.(*PurchaseHandler).GetAll-fm[0m
2026/08/16 13:30:17 [32mPOST[0m   [34m/api/supplier-purchases/create               [0m   [37mpos_api/domain/supplier_purchase/handler.(*PurchaseHandler).Create-fm[0m
2026/08/16 13:30:17 [32mPOST[0m   [34m/api/supplier-purchases/update/:id           [0m   [37mpos_api/domain/supplier_purchase/handler.(*PurchaseHandler).Update-fm[0m
2026/08/16 13:30:17 [32mPOST[0m   [34m/api/supplier-purchases/pay/:id              [0m   [37mpos_api/domain/supplier_purchase/handler.(*PurchaseHandler).Pay-fm[0m
2026/08/16 13:30:17 [32mPOST[0m   [34m/api/supplier-purchases/void/:id             [0m   [37mpos_api/domain/supplier_purchase/handler.(*PurchaseHandler).Void-fm[0m
2026/08/16 13:30:17 [32mPOST[0m   [34m/api/supplier-purchases/:id/payments         [0m   [37mpos_api/domain/supplier_purchase/handler.(*PurchaseHandler).GetPayments-fm[0m
2026/08/16 13:30:17 [32mPOST[0m   [34m/api/supplier-purchases/:id/add-items        [0m   [37mpos_api/domain/supplier_purchase/handler.(*PurchaseHandler).AddItems-fm[0m
2026/08/16 13:30:17 [32mPOST[0m   [34m/api/supplier-returns/detail/:id             [0m   [37mpos_api/domain/supplier_return/handler.(*SupplierReturnHandler).GetByID-fm[0m
2026/08/16 13:30:17 [32mPOST[0m   [34m/api/supplier-returns/delete/:id             [0m   [37mpos_api/domain/supplier_return/handler.(*SupplierReturnHandler).Delete-fm[0m
2026/08/16 13:30:17 [32mPOST[0m   [34m/api/supplier-returns/list                   [0m   [37mpos_api/domain/supplier_return/handler.(*SupplierReturnHandler).GetAll-fm[0m
2026/08/16 13:30:17 [32mPOST[0m   [34m/api/supplier-returns/create                 [0m   [37mpos_api/domain/supplier_return/handler.(*SupplierReturnHandler).Create-fm[0m
2026/08/16 13:30:17 [32mPOST[0m   [34m/api/supplier-returns/update-status/:id      [0m   [37mpos_api/domain/supplier_return/handler.(*SupplierReturnHandler).UpdateStatus-fm[0m
2026/08/16 13:30:17 [32mPOST[0m   [34m/api/suppliers/detail/:id                    [0m   [37mpos_api/domain/supplier/handler.(*SupplierHandler).GetDetail-fm[0m
2026/08/16 13:30:17 [32mPOST[0m   [34m/api/suppliers/delete/:id                    [0m   [37mpos_api/domain/supplier/handler.(*SupplierHandler).Delete-fm[0m
2026/08/16 13:30:17 [32mPOST[0m   [34m/api/suppliers/list                          [0m   [37mpos_api/domain/supplier/handler.(*SupplierHandler).GetAll-fm[0m
2026/08/16 13:30:17 [32mPOST[0m   [34m/api/suppliers/options                       [0m   [37mpos_api/domain/supplier/handler.(*SupplierHandler).GetOptions-fm[0m
2026/08/16 13:30:17 [32mPOST[0m   [34m/api/suppliers/create                        [0m   [37mpos_api/domain/supplier/handler.(*SupplierHandler).Create-fm[0m
2026/08/16 13:30:17 [32mPOST[0m   [34m/api/suppliers/update/:id                    [0m   [37mpos_api/domain/supplier/handler.(*SupplierHandler).Update-fm[0m
2026/08/16 13:30:17 [32mPOST[0m   [34m/api/suppliers/toggle-status/:id             [0m   [37mpos_api/domain/supplier/handler.(*SupplierHandler).ToggleStatus-fm[0m
2026/08/16 13:30:17 [32mPOST[0m   [34m/api/shifts/detail/:id                       [0m   [37mpos_api/domain/shift/handler.(*ShiftHandler).GetByID-fm[0m
2026/08/16 13:30:17 [32mPOST[0m   [34m/api/shifts/delete/:id                       [0m   [37mpos_api/domain/shift/handler.(*ShiftHandler).Delete-fm[0m
2026/08/16 13:30:17 [32mPOST[0m   [34m/api/shifts/list                             [0m   [37mpos_api/domain/shift/handler.(*ShiftHandler).GetAll-fm[0m
2026/08/16 13:30:17 [32mPOST[0m   [34m/api/shifts/active                           [0m   [37mpos_api/domain/shift/handler.(*ShiftHandler).GetOptions-fm[0m
2026/08/16 13:30:17 [32mPOST[0m   [34m/api/shifts/summary                          [0m   [37mpos_api/domain/shift/handler.(*ShiftHandler).GetSummary-fm[0m
2026/08/16 13:30:17 [32mPOST[0m   [34m/api/shifts/create                           [0m   [37mpos_api/domain/shift/handler.(*ShiftHandler).Create-fm[0m
2026/08/16 13:30:17 [32mPOST[0m   [34m/api/shifts/update/:id                       [0m   [37mpos_api/domain/shift/handler.(*ShiftHandler).Update-fm[0m
2026/08/16 13:30:17 [32mPOST[0m   [34m/api/shifts/toggle-status/:id                [0m   [37mpos_api/domain/shift/handler.(*ShiftHandler).ToggleStatus-fm[0m
2026/08/16 13:30:17 [32mPOST[0m   [34m/api/settings                                [0m   [37mpos_api/domain/setting/handler.(*SettingHandler).Save-fm[0m
2026/08/16 13:30:17 [32mPOST[0m   [34m/api/settings/reset                          [0m   [37mpos_api/domain/setting/handler.(*SettingHandler).Reset-fm[0m
2026/08/16 13:30:17 [32mPOST[0m   [34m/api/settings/store                          [0m   [37mpos_api/domain/setting/handler.(*SettingHandler).UpdateStoreProfile-fm[0m
2026/08/16 13:30:17 [32mPOST[0m   [34m/api/settings/printer                        [0m   [37mpos_api/domain/setting/handler.(*SettingHandler).UpdatePrinterSettings-fm[0m
2026/08/16 13:30:17 [32mPOST[0m   [34m/api/stock-mutations/list                    [0m   [37mpos_api/domain/stock_mutation/handler.(*StockMutationHandler).GetAll-fm[0m
2026/08/16 13:30:17 [32mPOST[0m   [34m/api/stock-mutations/product/:product_id     [0m   [37mpos_api/domain/stock_mutation/handler.(*StockMutationHandler).GetByProduct-fm[0m
2026/08/16 13:30:17 [32mPOST[0m   [34m/api/sync/conflicts/:id/resolve              [0m   [37mpos_api/domain/sync/handler.(*SyncHandler).ResolveConflict-fm[0m
2026/08/16 13:30:17 [32mPOST[0m   [34m/api/sync/push                               [0m   [37mpos_api/domain/sync/handler.(*SyncHandler).PushSync-fm[0m
2026/08/16 13:30:17 [32mPOST[0m   [34m/api/products/import-preview                 [0m   [37mpos_api/domain/product/handler.(*ProductImportHandler).ImportPreview-fm[0m
2026/08/16 13:30:17 [32mPOST[0m   [34m/api/products/import-bulk                    [0m   [37mpos_api/domain/product/handler.(*ProductImportHandler).ImportBulk-fm[0m
2026/08/16 13:30:17 [32mPOST[0m   [34m/api/products/import-template                [0m   [37mpos_api/domain/product/handler.(*ProductImportHandler).DownloadImportTemplate-fm[0m
2026/08/16 13:30:17 [32mPOST[0m   [34m/api/products/detail/:id                     [0m   [37mpos_api/domain/product/handler.(*ProductHandler).GetByID-fm[0m
2026/08/16 13:30:17 [32mPOST[0m   [34m/api/products/delete/:id                     [0m   [37mpos_api/domain/product/handler.(*ProductHandler).Delete-fm[0m
2026/08/16 13:30:17 [32mPOST[0m   [34m/api/products/generate-barcode               [0m   [37mpos_api/domain/product/handler.(*ProductGenerateHandler).GenerateBarcode-fm[0m
2026/08/16 13:30:17 [32mPOST[0m   [34m/api/products/generate-sku                   [0m   [37mpos_api/domain/product/handler.(*ProductGenerateHandler).GenerateSku-fm[0m
2026/08/16 13:30:17 [32mPOST[0m   [34m/api/products/list                           [0m   [37mpos_api/domain/product/handler.(*ProductHandler).GetAll-fm[0m
2026/08/16 13:30:17 [32mPOST[0m   [34m/api/products/options                        [0m   [37mpos_api/domain/product/handler.(*ProductHandler).GetOptions-fm[0m
2026/08/16 13:30:17 [32mPOST[0m   [34m/api/products/search                         [0m   [37mpos_api/domain/product/handler.(*ProductHandler).Search-fm[0m
2026/08/16 13:30:17 [32mPOST[0m   [34m/api/products/by-barcode/:barcode            [0m   [37mpos_api/domain/product/handler.(*ProductHandler).GetByBarcode-fm[0m
2026/08/16 13:30:17 [32mPOST[0m   [34m/api/products/create                         [0m   [37mpos_api/domain/product/handler.(*ProductHandler).Create-fm[0m
2026/08/16 13:30:17 [32mPOST[0m   [34m/api/products/update/:id                     [0m   [37mpos_api/domain/product/handler.(*ProductHandler).Update-fm[0m
2026/08/16 13:30:17 [32mPOST[0m   [34m/api/products/toggle-status/:id              [0m   [37mpos_api/domain/product/handler.(*ProductHandler).ToggleStatus-fm[0m
2026/08/16 13:30:17 [32mPOST[0m   [34m/api/products/:id/packages/list              [0m   [37mpos_api/domain/product/handler.(*ProductPackageHandler).GetPackagesByProduct-fm[0m
2026/08/16 13:30:17 [32mPOST[0m   [34m/api/products/:id/packages/create            [0m   [37mpos_api/domain/product/handler.(*ProductPackageHandler).CreatePackage-fm[0m
2026/08/16 13:30:17 [32mPOST[0m   [34m/api/products/:id/packages/update/:package_id[0m   [37mpos_api/domain/product/handler.(*ProductPackageHandler).UpdatePackage-fm[0m
2026/08/16 13:30:17 [32mPOST[0m   [34m/api/products/:id/packages/delete/:package_id[0m   [37mpos_api/domain/product/handler.(*ProductPackageHandler).DeletePackage-fm[0m
2026/08/16 13:30:17 [32mPOST[0m   [34m/api/products/:id/prices/list                [0m   [37mpos_api/domain/product/handler.(*ProductPriceHandler).GetPricesByProduct-fm[0m
2026/08/16 13:30:17 [32mPOST[0m   [34m/api/pin/set                                 [0m   [37mpos_api/domain/pin/handler.(*PinHandler).SetPin-fm[0m
2026/08/16 13:30:17 [32mPOST[0m   [34m/api/pin/verify                              [0m   [37mpos_api/domain/pin/handler.(*PinHandler).VerifyPin-fm[0m
2026/08/16 13:30:17 [32mPOST[0m   [34m/api/pin/change                              [0m   [37mpos_api/domain/pin/handler.(*PinHandler).ChangePin-fm[0m
2026/08/16 13:30:17 [32mPOST[0m   [34m/api/payment-statuses/list                   [0m   [37mpos_api/domain/payment_status/handler.(*PaymentStatusHandler).GetAll-fm[0m
2026/08/16 13:30:17 [32mPOST[0m   [34m/api/payment-methods/list                    [0m   [37mpos_api/domain/payment_method/handler.(*PaymentMethodHandler).GetAll-fm[0m
2026/08/16 13:30:17 [32mPOST[0m   [34m/api/cash-drawer/current                     [0m   [37mpos_api/domain/cash_drawer/handler.(*CashDrawerHandler).GetCurrent-fm[0m
2026/08/16 13:30:17 [32mPOST[0m   [34m/api/cash-drawer/close/:id                   [0m   [37mpos_api/domain/cash_drawer/handler.(*CashDrawerHandler).Close-fm[0m
2026/08/16 13:30:17 [32mPOST[0m   [34m/api/cash-drawer/update-sales/:id            [0m   [37mpos_api/domain/cash_drawer/handler.(*CashDrawerHandler).UpdateSales-fm[0m
2026/08/16 13:30:17 [32mPOST[0m   [34m/api/cash-drawer/update-expenses/:id         [0m   [37mpos_api/domain/cash_drawer/handler.(*CashDrawerHandler).UpdateExpenses-fm[0m
2026/08/16 13:30:17 [32mPOST[0m   [34m/api/cash-drawer/my-cash                     [0m   [37mpos_api/domain/cash_drawer/handler.(*CashDrawerHandler).GetMyCash-fm[0m
2026/08/16 13:30:17 [32mPOST[0m   [34m/api/cash-drawer/list                        [0m   [37mpos_api/domain/cash_drawer/handler.(*CashDrawerHandler).GetHistory-fm[0m
2026/08/16 13:30:17 [32mPOST[0m   [34m/api/cash-drawer/summary                     [0m   [37mpos_api/domain/cash_drawer/handler.(*CashDrawerHandler).GetSummary-fm[0m
2026/08/16 13:30:17 [32mPOST[0m   [34m/api/cash-drawer/kasir-options               [0m   [37mpos_api/domain/cash_drawer/handler.(*CashDrawerHandler).GetKasirOptions-fm[0m
2026/08/16 13:30:17 [32mPOST[0m   [34m/api/cash-drawer/detail/:id                  [0m   [37mpos_api/domain/cash_drawer/handler.(*CashDrawerHandler).GetByID-fm[0m
2026/08/16 13:30:17 [32mPOST[0m   [34m/api/cash-drawer/open                        [0m   [37mpos_api/domain/cash_drawer/handler.(*CashDrawerHandler).Open-fm[0m
2026/08/16 13:30:17 [32mPOST[0m   [34m/api/categories/detail/:id                   [0m   [37mpos_api/domain/product_category/handler.(*CategoryHandler).GetByID-fm[0m
2026/08/16 13:30:17 [32mPOST[0m   [34m/api/categories/delete/:id                   [0m   [37mpos_api/domain/product_category/handler.(*CategoryHandler).Delete-fm[0m
2026/08/16 13:30:17 [32mPOST[0m   [34m/api/categories/list                         [0m   [37mpos_api/domain/product_category/handler.(*CategoryHandler).GetAll-fm[0m
2026/08/16 13:30:17 [32mPOST[0m   [34m/api/categories/options                      [0m   [37mpos_api/domain/product_category/handler.(*CategoryHandler).GetOptions-fm[0m
2026/08/16 13:30:17 [32mPOST[0m   [34m/api/categories/create                       [0m   [37mpos_api/domain/product_category/handler.(*CategoryHandler).Create-fm[0m
2026/08/16 13:30:17 [32mPOST[0m   [34m/api/categories/update/:id                   [0m   [37mpos_api/domain/product_category/handler.(*CategoryHandler).Update-fm[0m
2026/08/16 13:30:17 [32mPOST[0m   [34m/api/categories/toggle-status/:id            [0m   [37mpos_api/domain/product_category/handler.(*CategoryHandler).ToggleStatus-fm[0m
2026/08/16 13:30:17 [32mPOST[0m   [34m/api/customers/detail/:id                    [0m   [37mpos_api/domain/customer/handler.(*CustomerHandler).GetByID-fm[0m
2026/08/16 13:30:17 [32mPOST[0m   [34m/api/customers/delete/:id                    [0m   [37mpos_api/domain/customer/handler.(*CustomerHandler).Delete-fm[0m
2026/08/16 13:30:17 [32mPOST[0m   [34m/api/customers/list                          [0m   [37mpos_api/domain/customer/handler.(*CustomerHandler).GetAll-fm[0m
2026/08/16 13:30:17 [32mPOST[0m   [34m/api/customers/active                        [0m   [37mpos_api/domain/customer/handler.(*CustomerHandler).GetOptions-fm[0m
2026/08/16 13:30:17 [32mPOST[0m   [34m/api/customers/create                        [0m   [37mpos_api/domain/customer/handler.(*CustomerHandler).Create-fm[0m
2026/08/16 13:30:17 [32mPOST[0m   [34m/api/customers/update/:id                    [0m   [37mpos_api/domain/customer/handler.(*CustomerHandler).Update-fm[0m
2026/08/16 13:30:17 [32mPOST[0m   [34m/api/customers/toggle-status/:id             [0m   [37mpos_api/domain/customer/handler.(*CustomerHandler).ToggleStatus-fm[0m
2026/08/16 13:30:17 [32mPOST[0m   [34m/api/reports/sales/list                      [0m   [37mpos_api/domain/report/handler.(*ReportHandler).GetSalesList-fm[0m
2026/08/16 13:30:17 [32mPOST[0m   [34m/api/reports/sales/summary                   [0m   [37mpos_api/domain/report/handler.(*ReportHandler).GetSalesSummaryData-fm[0m
2026/08/16 13:30:17 [32mPOST[0m   [34m/api/reports/stock/list                      [0m   [37mpos_api/domain/report/handler.(*ReportHandler).GetStockList-fm[0m
2026/08/16 13:30:17 [32mPOST[0m   [34m/api/reports/stock/summary                   [0m   [37mpos_api/domain/report/handler.(*ReportHandler).GetStockSummaryData-fm[0m
2026/08/16 13:30:17 [32mPOST[0m   [34m/api/reports/profit-loss/data                [0m   [37mpos_api/domain/report/handler.(*ReportHandler).GetProfitLossData-fm[0m
2026/08/16 13:30:17 [32mPOST[0m   [34m/api/reports/cashier/list                    [0m   [37mpos_api/domain/report/handler.(*ReportHandler).GetCashierList-fm[0m
2026/08/16 13:30:17 [32mPOST[0m   [34m/api/receivables/payments/:id                [0m   [37mpos_api/domain/receivable/handler.(*ReceivableHandler).GetPayments-fm[0m
2026/08/16 13:30:17 [32mPOST[0m   [34m/api/receivables/pay/:id                     [0m   [37mpos_api/domain/receivable/handler.(*ReceivableHandler).Pay-fm[0m
2026/08/16 13:30:17 [32mPOST[0m   [34m/api/receivables/list                        [0m   [37mpos_api/domain/receivable/handler.(*ReceivableHandler).GetAll-fm[0m
2026/08/16 13:30:17 [32mPOST[0m   [34m/api/receivables/summary                     [0m   [37mpos_api/domain/receivable/handler.(*ReceivableHandler).GetSummary-fm[0m
2026/08/16 13:30:17 [32mPOST[0m   [34m/api/receivables/detail/:id                  [0m   [37mpos_api/domain/receivable/handler.(*ReceivableHandler).GetByID-fm[0m
2026/08/16 13:30:17 [32mPOST[0m   [34m/api/restore                                 [0m   [37mpos_api/domain/backup/handler.(*BackupHandler).Restore-fm[0m
2026/08/16 13:30:17 [32mPOST[0m   [34m/api/roles/detail/:id                        [0m   [37mpos_api/domain/role/handler.(*RoleHandler).GetByID-fm[0m
2026/08/16 13:30:17 [32mPOST[0m   [34m/api/roles/delete/:id                        [0m   [37mpos_api/domain/role/handler.(*RoleHandler).Delete-fm[0m
2026/08/16 13:30:17 [32mPOST[0m   [34m/api/roles/list                              [0m   [37mpos_api/domain/role/handler.(*RoleHandler).GetAll-fm[0m
2026/08/16 13:30:17 [32mPOST[0m   [34m/api/roles/options                           [0m   [37mpos_api/domain/role/handler.(*RoleHandler).GetOptions-fm[0m
2026/08/16 13:30:17 [32mPOST[0m   [34m/api/roles/create                            [0m   [37mpos_api/domain/role/handler.(*RoleHandler).Create-fm[0m
2026/08/16 13:30:17 [32mPOST[0m   [34m/api/roles/update/:id                        [0m   [37mpos_api/domain/role/handler.(*RoleHandler).Update-fm[0m
2026/08/16 13:30:17 [32mPOST[0m   [34m/api/roles/toggle-status/:id                 [0m   [37mpos_api/domain/role/handler.(*RoleHandler).ToggleStatus-fm[0m
2026/08/16 13:30:17 [32mPOST[0m   [34m/api/roles/:id/menus/list                    [0m   [37mpos_api/domain/access/handler.(*AccessHandler).GetByRoleID-fm[0m
2026/08/16 13:30:17 [32mPOST[0m   [34m/api/roles/:id/menus/set                     [0m   [37mpos_api/domain/access/handler.(*AccessHandler).SetRoleAccess-fm[0m
2026/08/16 13:30:17 [32mPOST[0m   [34m/api/route-registry/options                  [0m   [37mpos_api/domain/route_registry/handler.(*RouteRegistryHandler).GetOptions-fm[0m
2026/08/16 13:30:17 [32mPOST[0m   [34m/api/users/create                            [0m   [37mpos_api/domain/user/handler.(*UserHandler).Create-fm[0m
2026/08/16 13:30:17 [32mPOST[0m   [34m/api/users/change-password/:id               [0m   [37mpos_api/domain/user/handler.(*UserHandler).ChangePassword-fm[0m
2026/08/16 13:30:17 [32mPOST[0m   [34m/api/users/detail/:id                        [0m   [37mpos_api/domain/user/handler.(*UserHandler).GetByID-fm[0m
2026/08/16 13:30:17 [32mPOST[0m   [34m/api/users/delete/:id                        [0m   [37mpos_api/domain/user/handler.(*UserHandler).Delete-fm[0m
2026/08/16 13:30:17 [32mPOST[0m   [34m/api/users/list                              [0m   [37mpos_api/domain/user/handler.(*UserHandler).GetAll-fm[0m
2026/08/16 13:30:17 [32mPOST[0m   [34m/api/users/update/:id                        [0m   [37mpos_api/domain/user/handler.(*UserHandler).Update-fm[0m
2026/08/16 13:30:17 [32mPOST[0m   [34m/api/users/toggle-status/:id                 [0m   [37mpos_api/domain/user/handler.(*UserHandler).ToggleStatus-fm[0m
2026/08/16 13:30:17 [32mPOST[0m   [34m/api/units/detail/:id                        [0m   [37mpos_api/domain/product_unit/handler.(*UnitHandler).GetByID-fm[0m
2026/08/16 13:30:17 [32mPOST[0m   [34m/api/units/delete/:id                        [0m   [37mpos_api/domain/product_unit/handler.(*UnitHandler).Delete-fm[0m
2026/08/16 13:30:17 [32mPOST[0m   [34m/api/units/list                              [0m   [37mpos_api/domain/product_unit/handler.(*UnitHandler).GetAll-fm[0m
2026/08/16 13:30:17 [32mPOST[0m   [34m/api/units/options                           [0m   [37mpos_api/domain/product_unit/handler.(*UnitHandler).GetOptions-fm[0m
2026/08/16 13:30:17 [32mPOST[0m   [34m/api/units/create                            [0m   [37mpos_api/domain/product_unit/handler.(*UnitHandler).Create-fm[0m
2026/08/16 13:30:17 [32mPOST[0m   [34m/api/units/update/:id                        [0m   [37mpos_api/domain/product_unit/handler.(*UnitHandler).Update-fm[0m
2026/08/16 13:30:17 [32mPOST[0m   [34m/api/units/toggle-status/:id                 [0m   [37mpos_api/domain/product_unit/handler.(*UnitHandler).ToggleStatus-fm[0m
2026/08/16 13:30:17 [32mPOST[0m   [34m/api/expenses/detail/:id                     [0m   [37mpos_api/domain/expense/handler.(*ExpenseHandler).GetByID-fm[0m
2026/08/16 13:30:17 [32mPOST[0m   [34m/api/expenses/delete/:id                     [0m   [37mpos_api/domain/expense/handler.(*ExpenseHandler).Delete-fm[0m
2026/08/16 13:30:17 [32mPOST[0m   [34m/api/expenses/list                           [0m   [37mpos_api/domain/expense/handler.(*ExpenseHandler).GetAll-fm[0m
2026/08/16 13:30:17 [32mPOST[0m   [34m/api/expenses/create                         [0m   [37mpos_api/domain/expense/handler.(*ExpenseHandler).Create-fm[0m
2026/08/16 13:30:17 [32mPOST[0m   [34m/api/expenses/update/:id                     [0m   [37mpos_api/domain/expense/handler.(*ExpenseHandler).Update-fm[0m
2026/08/16 13:30:17 [32mPOST[0m   [34m/api/expiry-batches/warnings                 [0m   [37mpos_api/domain/expiry_batch/handler.(*ExpiryBatchHandler).GetWarnings-fm[0m
2026/08/16 13:30:17 [32mPOST[0m   [34m/api/expiry-batches/write-off/:id            [0m   [37mpos_api/domain/expiry_batch/handler.(*ExpiryBatchHandler).WriteOff-fm[0m
2026/08/16 13:30:17 [32mPOST[0m   [34m/api/expiry-batches/product/:id              [0m   [37mpos_api/domain/expiry_batch/handler.(*ExpiryBatchHandler).GetByProduct-fm[0m
2026/08/16 13:30:17 [32mPOST[0m   [34m/api/expiry-batches/confirm/:id              [0m   [37mpos_api/domain/expiry_batch/handler.(*ExpiryBatchHandler).Confirm-fm[0m
2026/08/16 13:30:17 [32mPOST[0m   [34m/api/menus/detail/:id                        [0m   [37mpos_api/domain/menu/handler.(*MenuHandler).GetByID-fm[0m
2026/08/16 13:30:17 [32mPOST[0m   [34m/api/menus/delete/:id                        [0m   [37mpos_api/domain/menu/handler.(*MenuHandler).Delete-fm[0m
2026/08/16 13:30:17 [32mPOST[0m   [34m/api/menus/my                                [0m   [37mpos_api/domain/menu/handler.(*MenuHandler).GetMyMenus-fm[0m
2026/08/16 13:30:17 [32mPOST[0m   [34m/api/menus/options                           [0m   [37mpos_api/domain/menu/handler.(*MenuHandler).GetOptions-fm[0m
2026/08/16 13:30:17 [32mPOST[0m   [34m/api/menus/list                              [0m   [37mpos_api/domain/menu/handler.(*MenuHandler).GetAll-fm[0m
2026/08/16 13:30:17 [32mPOST[0m   [34m/api/menus/create                            [0m   [37mpos_api/domain/menu/handler.(*MenuHandler).Create-fm[0m
2026/08/16 13:30:17 [32mPOST[0m   [34m/api/menus/update/:id                        [0m   [37mpos_api/domain/menu/handler.(*MenuHandler).Update-fm[0m
2026/08/16 13:30:17 [32mPOST[0m   [34m/api/menus/reorder                           [0m   [37mpos_api/domain/menu/handler.(*MenuHandler).Reorder-fm[0m
2026/08/16 13:30:17 [32mPOST[0m   [34m/api/auth/login                              [0m   [37mpos_api/domain/auth/handler.(*AuthHandler).Login-fm[0m
2026/08/16 13:30:17 [32mPOST[0m   [34m/api/auth/logout                             [0m   [37mpos_api/domain/auth/handler.(*AuthHandler).Logout-fm[0m
2026/08/16 13:30:17 [32mPOST[0m   [34m/api/auth/refresh                            [0m   [37mpos_api/domain/auth/handler.(*AuthHandler).RefreshToken-fm[0m
2026/08/16 13:30:17 [32mPOST[0m   [34m/api/auth/verify-token                       [0m   [37mpos_api/domain/auth/handler.(*AuthHandler).VerifyToken-fm[0m
2026/08/16 13:30:17 [32mPOST[0m   [34m/api/auth/me                                 [0m   [37mpos_api/domain/auth/handler.(*AuthHandler).GetMe-fm[0m
2026/08/16 13:30:17 [32mPOST[0m   [34m/api/transactions/list                       [0m   [37mpos_api/domain/transaction/handler.(*TransactionHandler).GetAll-fm[0m
2026/08/16 13:30:17 [32mPOST[0m   [34m/api/transactions/detail/:id                 [0m   [37mpos_api/domain/transaction/handler.(*TransactionHandler).GetByID-fm[0m
2026/08/16 13:30:17 [32mPOST[0m   [34m/api/transactions/create                     [0m   [37mpos_api/domain/transaction/handler.(*TransactionHandler).Create-fm[0m
2026/08/16 13:30:17 [32mPOST[0m   [34m/api/transactions/void/:id                   [0m   [37mpos_api/domain/transaction/handler.(*TransactionHandler).Void-fm[0m
2026/08/16 13:30:17 [32mPOST[0m   [34m/api/finance/summary                         [0m   [37mpos_api/domain/finance/handler.(*FinanceHandler).GetSummary-fm[0m
2026/08/16 13:30:17 [32mPOST[0m   [34m/api/finance/cashflow                        [0m   [37mpos_api/domain/finance/handler.(*FinanceHandler).GetCashflow-fm[0m
2026/08/16 13:30:17 [32mPOST[0m   [34m/api/version/list                            [0m   [37mpos_api/domain/version/handler.(*VersionHandler).GetAll-fm[0m
2026/08/16 13:30:17 [32mPOST[0m   [34m/api/version/android                         [0m   [37mpos_api/domain/version/handler.(*VersionHandler).UpdateAndroidVersion-fm[0m
2026/08/16 13:30:17 [32mPOST[0m   [34m/api/backup                                  [0m   [37mpos_api/domain/backup/handler.(*BackupHandler).Create-fm[0m
2026/08/16 13:30:17 [32mGET [0m   [34m/api/reports/business-summary/stats          [0m   [37mpos_api/domain/business_summary/handler.(*BusinessSummaryHandler).GetStats-fm[0m
2026/08/16 13:30:17 [32mGET [0m   [34m/api/reports/business-summary/sales-trend    [0m   [37mpos_api/domain/business_summary/handler.(*BusinessSummaryHandler).GetSalesTrend-fm[0m
2026/08/16 13:30:17 [32mGET [0m   [34m/api/reports/business-summary/summary-extra  [0m   [37mpos_api/domain/business_summary/handler.(*BusinessSummaryHandler).GetSummaryExtra-fm[0m
2026/08/16 13:30:17 [32mGET [0m   [34m/api/reports/business-summary/top-products   [0m   [37mpos_api/domain/business_summary/handler.(*BusinessSummaryHandler).GetTopProducts-fm[0m
2026/08/16 13:30:17 [32mGET [0m   [34m/api/reports/business-summary/top-categories [0m   [37mpos_api/domain/business_summary/handler.(*BusinessSummaryHandler).GetTopCategories-fm[0m
2026/08/16 13:30:17 [32mGET [0m   [34m/api/reports/business-summary/payment-methods[0m   [37mpos_api/domain/business_summary/handler.(*BusinessSummaryHandler).GetPaymentMethods-fm[0m
2026/08/16 13:30:17 [32mGET [0m   [34m/api/reports/sales                           [0m   [37mpos_api/domain/report/handler.(*ReportHandler).GetSalesReport-fm[0m
2026/08/16 13:30:17 [32mGET [0m   [34m/api/reports/sales/chart                     [0m   [37mpos_api/domain/report/handler.(*ReportHandler).GetSalesChart-fm[0m
2026/08/16 13:30:17 [32mGET [0m   [34m/api/reports/sales/export                    [0m   [37mpos_api/domain/report/handler.(*ReportHandler).ExportSalesReport-fm[0m
2026/08/16 13:30:17 [32mGET [0m   [34m/api/reports/stock                           [0m   [37mpos_api/domain/report/handler.(*ReportHandler).GetStockReport-fm[0m
2026/08/16 13:30:17 [32mGET [0m   [34m/api/reports/stock/export                    [0m   [37mpos_api/domain/report/handler.(*ReportHandler).ExportStockReport-fm[0m
2026/08/16 13:30:17 [32mGET [0m   [34m/api/reports/profit-loss                     [0m   [37mpos_api/domain/report/handler.(*ReportHandler).GetProfitLoss-fm[0m
2026/08/16 13:30:17 [32mGET [0m   [34m/api/reports/profit-loss/export              [0m   [37mpos_api/domain/report/handler.(*ReportHandler).ExportProfitLoss-fm[0m
2026/08/16 13:30:17 [32mGET [0m   [34m/api/reports/cashier                         [0m   [37mpos_api/domain/report/handler.(*ReportHandler).GetCashierReport-fm[0m
2026/08/16 13:30:17 [32mGET [0m   [34m/api/reports/cashier/export                  [0m   [37mpos_api/domain/report/handler.(*ReportHandler).ExportCashierReport-fm[0m
2026/08/16 13:30:17 [32mGET [0m   [34m/api/settings                                [0m   [37mpos_api/domain/setting/handler.(*SettingHandler).GetAll-fm[0m
2026/08/16 13:30:17 [32mGET [0m   [34m/api/settings/store                          [0m   [37mpos_api/domain/setting/handler.(*SettingHandler).GetStoreProfile-fm[0m
2026/08/16 13:30:17 [32mGET [0m   [34m/api/settings/printer                        [0m   [37mpos_api/domain/setting/handler.(*SettingHandler).GetPrinterSettings-fm[0m
2026/08/16 13:30:17 [32mGET [0m   [34m/api/settings/:key                           [0m   [37mpos_api/domain/setting/handler.(*SettingHandler).GetByKey-fm[0m
2026/08/16 13:30:17 [32mGET [0m   [34m/api/sync/conflicts                          [0m   [37mpos_api/domain/sync/handler.(*SyncHandler).GetConflicts-fm[0m
2026/08/16 13:30:17 [32mGET [0m   [34m/api/sync/conflicts/count                    [0m   [37mpos_api/domain/sync/handler.(*SyncHandler).GetConflictCount-fm[0m
2026/08/16 13:30:17 [32mGET [0m   [34m/api/sync/queue                              [0m   [37mpos_api/domain/sync/handler.(*SyncHandler).GetQueue-fm[0m
2026/08/16 13:30:17 [32mGET [0m   [34m/api/sync/history                            [0m   [37mpos_api/domain/sync/handler.(*SyncHandler).GetHistory-fm[0m
2026/08/16 13:30:17 [32mGET [0m   [34m/api/dashboard/recent-transactions           [0m   [37mpos_api/domain/dashboard/handler.(*DashboardHandler).GetRecentTransactions-fm[0m
2026/08/16 13:30:17 [32mGET [0m   [34m/api/dashboard/today-summary                 [0m   [37mpos_api/domain/dashboard/handler.(*DashboardHandler).GetTodaySummary-fm[0m
2026/08/16 13:30:17 [32mGET [0m   [34m/api/backup/list                             [0m   [37mpos_api/domain/backup/handler.(*BackupHandler).GetList-fm[0m
2026/08/16 13:30:17 [32mGET [0m   [34m/api/backup/download/:filename               [0m   [37mpos_api/domain/backup/handler.(*BackupHandler).Download-fm[0m
2026/08/16 13:30:17 [32mGET [0m   [34m/api/version/android                         [0m   [37mpos_api/domain/version/handler.(*VersionHandler).CheckAndroid-fm[0m
2026/08/16 13:30:17 [32mGET [0m   [34m/api/health                                  [0m   [37mpos_api/routes.publicRoutes.func1[0m
2026/08/16 13:30:17 [32mGET [0m   [34m/api/pin/check                               [0m   [37mpos_api/domain/pin/handler.(*PinHandler).CheckPin-fm[0m
[GIN] 2026/08/16 - 13:30:22 | 200 |            0s |             ::1 | GET      "/api/health"

2026/08/16 13:30:22 [32mD:/Develop/Project_pos_mahenz/BE/repository/log_request_repository.go:32
[0m[33m[2.645ms] [34;1m[rows:1][0m INSERT INTO log_requests (id, method, endpoint, status_code, request_body, response_body, user_id, duration_ms, ip_address, error_message, created_at) VALUES ('15a6e5f7-0e78-4d73-9092-258369895b0a', 'GET', '/api/health', 200, '', '{"code":"00","data":null,"message":"OK","status":true}', NULL, 0, '::1', NULL, '2026-08-16 13:30:22.235')

2026/08/16 13:30:29 [32mD:/Develop/Project_pos_mahenz/BE/domain/auth/repo/auth_repo.go:46
[0m[33m[0.506ms] [34;1m[rows:1][0m SELECT id, user_id, user_role, token, device_info, expires_at FROM sessions WHERE token = 'eyJhbGciOiJIUzI1NiIsInR5cCI6IkpXVCJ9.eyJhcHBzIjoiIiwiZXhwIjoxNzg2ODg4NTM1LCJmdWxsX25hbWUiOiJBZG1pbiIsInJvbGUiOiJhZG1pbiIsInVzZXJfaWQiOjUsInVzZXJuYW1lIjoiYWRtaW4ifQ.LgtA4JW-4mzziykoe4b_An8iu-hgCSHSlqiEopgSIz0' LIMIT 1

2026/08/16 13:30:29 [32mD:/Develop/Project_pos_mahenz/BE/domain/access/repo/access_repo.go:56
[0m[33m[0.675ms] [34;1m[rows:38][0m 
SELECT
    m.key_name,
    COALESCE(rma.can_view,   0) AS can_view,
    COALESCE(rma.can_create, 0) AS can_create,
    COALESCE(rma.can_edit,   0) AS can_edit,
    COALESCE(rma.can_delete, 0) AS can_delete
FROM menus m
LEFT JOIN role_menu_access rma ON rma.menu_id = m.id
    AND rma.role_id = (SELECT id FROM roles WHERE name = 'admin' AND is_active = 1 LIMIT 1)
WHERE m.is_active = 1
ORDER BY m.id ASC

2026/08/16 13:30:29 [32mD:/Develop/Project_pos_mahenz/BE/domain/cash_drawer/repo/cash_drawer_repo.go:183
[0m[33m[0.000ms] [34;1m[rows:1][0m SELECT COUNT(*) FROM cash_drawer cd WHERE 1=1

2026/08/16 13:30:29 [32mD:/Develop/Project_pos_mahenz/BE/domain/cash_drawer/repo/cash_drawer_repo.go:209
[0m[33m[1.202ms] [34;1m[rows:5][0m SELECT cd.id, u.full_name as user_name, s.name as shift_name, cd.open_time, cd.close_time, cd.opening_balance, cd.closing_balance, CASE WHEN cd.status = 'closed' THEN cd.expected_balance ELSE (cd.opening_balance + COALESCE((SELECT SUM(total_amount) FROM transactions WHERE user_id = cd.user_id AND payment_method = 'cash' AND status = 'completed' AND transaction_date >= cd.open_time), 0) - COALESCE((SELECT SUM(amount) FROM expenses WHERE user_id = cd.user_id AND created_at >= cd.open_time), 0)) END as expected_balance, CASE WHEN cd.status = 'closed' THEN cd.difference ELSE NULL END as difference, cd.total_sales, cd.total_cash_sales, cd.total_expenses, cd.status FROM cash_drawer cd LEFT JOIN users u ON cd.user_id = u.id LEFT JOIN shifts s ON cd.shift_id = s.id WHERE 1=1 ORDER BY cd.open_time DESC LIMIT 5 OFFSET 0
[GIN] 2026/08/16 - 13:30:29 | 200 |      3.9824ms |             ::1 | POST     "/api/cash-drawer/list"

2026/08/16 13:30:29 [32mD:/Develop/Project_pos_mahenz/BE/repository/log_request_repository.go:32
[0m[33m[4.144ms] [34;1m[rows:1][0m INSERT INTO log_requests (id, method, endpoint, status_code, request_body, response_body, user_id, duration_ms, ip_address, error_message, created_at) VALUES ('b7618436-fd81-419f-b19d-2b4d974ebfdc', 'POST', '/api/cash-drawer/list', 200, '{"page":1,"limit":5}', '{"code":"00","status":true,"message":"Riwayat kas","data":[{"id":10,"user_name":"Wahyuni Putri Romadhona","shift_name":"Banana","open_time":"2026-08-15T02:10:53+07:00","close_time":null,"opening_balance":100000,"closing_balance":null,"expected_balance":115500,"difference":null,"total_sales":15500,"total_cash_sales":15500,"total_expenses":0,"status":"open"},{"id":9,"user_name":"Wahyuni Putri Romadhona","shift_name":"Banana","open_time":"2026-08-13T01:24:42+07:00","close_time":"2026-08-13T23:59:59+07:00","opening_balance":150000,"closing_balance":388000,"expected_balance":388000,"difference":0,"total_sales":392000,"total_cash_sales":392000,"total_expenses":0,"status":"closed"},{"id":8,"user_name":"Wahyuni Putri Romadhona","shift_name":"Banana","open_time":"2026-08-11T02:35:49+07:00","close_time":"2026-08-11T23:59:59+07:00","opening_balance":250000,"closing_balance":529000,"expected_balance":529000,"difference":0,"total_sales":510000,"total_cash_sales":510000,"total_expenses":0,"status":"closed"},{"id":7,"user_name":"","shift_name":"Banana","open_time":"2026-08-09T03:54:17+07:00","close_time":"2026-08-09T23:59:59+07:00","opening_balance":0,"closing_balance":0,"expected_balance":0,"difference":0,"total_sales":0,"total_cash_sales":0,"total_expenses":0,"status":"closed"},{"id":6,"user_name":"Wahyuni Putri Romadhona","shift_name":"Banana","open_time":"2026-08-09T03:25:22+07:00","close_time":"2026-08-09T23:59:59+07:00","opening_balance":250000,"closing_balance":957500,"expected_balance":957500,"difference":0,"total_sales":830000,"total_cash_sales":830000,"total_expenses":0,"status":"closed"}],"pagination":{"page":1,"per_page":5,"total":10,"total_pages":2}}', 5, 3, '::1', NULL, '2026-08-16 13:30:29.048')

2026/08/16 13:30:35 [32mD:/Develop/Project_pos_mahenz/BE/domain/auth/repo/auth_repo.go:46
[0m[33m[0.508ms] [34;1m[rows:1][0m SELECT id, user_id, user_role, token, device_info, expires_at FROM sessions WHERE token = 'eyJhbGciOiJIUzI1NiIsInR5cCI6IkpXVCJ9.eyJhcHBzIjoiIiwiZXhwIjoxNzg2ODg4NTM1LCJmdWxsX25hbWUiOiJBZG1pbiIsInJvbGUiOiJhZG1pbiIsInVzZXJfaWQiOjUsInVzZXJuYW1lIjoiYWRtaW4ifQ.LgtA4JW-4mzziykoe4b_An8iu-hgCSHSlqiEopgSIz0' LIMIT 1

2026/08/16 13:30:35 [32mD:/Develop/Project_pos_mahenz/BE/domain/shift/repo/shift_repo.go:41
[0m[33m[2.528ms] [34;1m[rows:1][0m SELECT COUNT(*) FROM shifts WHERE 1=1

2026/08/16 13:30:35 [32mD:/Develop/Project_pos_mahenz/BE/domain/shift/repo/shift_repo.go:59
[0m[33m[0.776ms] [34;1m[rows:2][0m SELECT id, name, start_time, end_time, is_active, created_at FROM shifts WHERE 1=1 ORDER BY start_time LIMIT 5 OFFSET 0
[GIN] 2026/08/16 - 13:30:35 | 200 |      5.1883ms |             ::1 | POST     "/api/shifts/list"

2026/08/16 13:30:35 [32mD:/Develop/Project_pos_mahenz/BE/repository/log_request_repository.go:32
[0m[33m[2.498ms] [34;1m[rows:1][0m INSERT INTO log_requests (id, method, endpoint, status_code, request_body, response_body, user_id, duration_ms, ip_address, error_message, created_at) VALUES ('58271fc4-79b6-430b-b16a-6fbbcfb4af78', 'POST', '/api/shifts/list', 200, '{"page":1,"limit":5}', '{"code":"00","status":true,"message":"Daftar shift","data":[{"id":1,"name":"Banana","start_time":"08:00:00","end_time":"16:00:00","is_active":true,"created_at":"2026-07-27T13:34:38+07:00"},{"id":2,"name":"Banana","start_time":"08:00:00","end_time":"19:00:00","is_active":true,"created_at":"2026-08-04T08:45:50+07:00"}],"pagination":{"page":1,"per_page":5,"total":2,"total_pages":1}}', 5, 5, '::1', NULL, '2026-08-16 13:30:35.443')

2026/08/16 13:30:41 [32mD:/Develop/Project_pos_mahenz/BE/domain/auth/repo/auth_repo.go:46
[0m[33m[1.003ms] [34;1m[rows:1][0m SELECT id, user_id, user_role, token, device_info, expires_at FROM sessions WHERE token = 'eyJhbGciOiJIUzI1NiIsInR5cCI6IkpXVCJ9.eyJhcHBzIjoiIiwiZXhwIjoxNzg2ODg4NTM1LCJmdWxsX25hbWUiOiJBZG1pbiIsInJvbGUiOiJhZG1pbiIsInVzZXJfaWQiOjUsInVzZXJuYW1lIjoiYWRtaW4ifQ.LgtA4JW-4mzziykoe4b_An8iu-hgCSHSlqiEopgSIz0' LIMIT 1

2026/08/16 13:30:41 [32mD:/Develop/Project_pos_mahenz/BE/domain/cash_drawer/repo/cash_drawer_repo.go:135
[0m[33m[0.688ms] [34;1m[rows:0][0m SELECT cd.id, cd.user_id, cd.shift_id, cd.open_time, cd.opening_balance, cd.total_sales, cd.total_cash_sales, cd.total_expenses, (cd.opening_balance + COALESCE((SELECT SUM(total_amount) FROM transactions WHERE user_id = cd.user_id AND payment_method = 'cash' AND status = 'completed' AND transaction_date >= cd.open_time), 0) - COALESCE((SELECT SUM(amount) FROM expenses WHERE user_id = cd.user_id AND created_at >= cd.open_time), 0)) as expected_balance, cd.status FROM cash_drawer cd WHERE cd.user_id = 5 AND cd.status = 'open' LIMIT 1

2026/08/16 13:30:41 [32mD:/Develop/Project_pos_mahenz/BE/domain/cash_drawer/repo/cash_drawer_repo.go:250
[0m[33m[0.684ms] [34;1m[rows:1][0m INSERT INTO cash_drawer (user_id, shift_id, open_time, opening_balance, open_notes, status) VALUES (5, 1, '2026-08-16 13:30:41.02', 100000, 'test Fase 4 poin 2', 'open')

2026/08/16 13:30:41 [32mD:/Develop/Project_pos_mahenz/BE/domain/cash_drawer/repo/cash_drawer_repo.go:253
[0m[33m[0.000ms] [34;1m[rows:1][0m SELECT LAST_INSERT_ID()
[GIN] 2026/08/16 - 13:30:41 | 201 |      4.2653ms |             ::1 | POST     "/api/cash-drawer/open"

2026/08/16 13:30:41 [32mD:/Develop/Project_pos_mahenz/BE/repository/log_request_repository.go:32
[0m[33m[1.988ms] [34;1m[rows:1][0m INSERT INTO log_requests (id, method, endpoint, status_code, request_body, response_body, user_id, duration_ms, ip_address, error_message, created_at) VALUES ('37a4e34e-9ef0-496d-a333-a4fa1726a1c9', 'POST', '/api/cash-drawer/open', 201, '{"shift_id":1,"opening_balance":100000,"notes":"test Fase 4 poin 2"}', '{"code":"00","status":true,"message":"Kas berhasil dibuka","data":{"id":11}}', 5, 4, '::1', NULL, '2026-08-16 13:30:41.022')

2026/08/16 13:30:50 [32mD:/Develop/Project_pos_mahenz/BE/domain/auth/repo/auth_repo.go:46
[0m[33m[1.805ms] [34;1m[rows:1][0m SELECT id, user_id, user_role, token, device_info, expires_at FROM sessions WHERE token = 'eyJhbGciOiJIUzI1NiIsInR5cCI6IkpXVCJ9.eyJhcHBzIjoiIiwiZXhwIjoxNzg2ODg4NTM1LCJmdWxsX25hbWUiOiJBZG1pbiIsInJvbGUiOiJhZG1pbiIsInVzZXJfaWQiOjUsInVzZXJuYW1lIjoiYWRtaW4ifQ.LgtA4JW-4mzziykoe4b_An8iu-hgCSHSlqiEopgSIz0' LIMIT 1

2026/08/16 13:30:50 [32mD:/Develop/Project_pos_mahenz/BE/domain/cash_drawer/repo/cash_drawer_repo.go:135
[0m[33m[0.896ms] [34;1m[rows:1][0m SELECT cd.id, cd.user_id, cd.shift_id, cd.open_time, cd.opening_balance, cd.total_sales, cd.total_cash_sales, cd.total_expenses, (cd.opening_balance + COALESCE((SELECT SUM(total_amount) FROM transactions WHERE user_id = cd.user_id AND payment_method = 'cash' AND status = 'completed' AND transaction_date >= cd.open_time), 0) - COALESCE((SELECT SUM(amount) FROM expenses WHERE user_id = cd.user_id AND created_at >= cd.open_time), 0)) as expected_balance, cd.status FROM cash_drawer cd WHERE cd.user_id = 5 AND cd.status = 'open' LIMIT 1

2026/08/16 13:30:50 [32mD:/Develop/Project_pos_mahenz/BE/domain/product/repo/product_repo.go:137
[0m[33m[1.248ms] [34;1m[rows:1][0m 
		SELECT p.id, p.barcode, COALESCE(p.sku, '') as sku, p.name, p.category_id, COALESCE(c.name, '') as category_name,
		       p.purchase_price, p.selling_price, p.stock, p.reserved_qty, p.min_stock,
		       COALESCE(p.unit_id, 0) as unit_id, COALESCE(u.name, '') as unit_name, COALESCE(u.abbreviation, '') as unit_abbreviation,
		       p.is_active, p.created_at, p.updated_at,
		       (SELECT COUNT(*) FROM product_packages pp WHERE pp.product_id = p.id AND pp.is_default = 0) AS extra_packages,
		       (SELECT COUNT(*) FROM product_prices pr WHERE pr.product_id = p.id) AS price_tiers_count
		FROM products p
		LEFT JOIN categories c ON p.category_id = c.id
		LEFT JOIN units u ON u.id = p.unit_id
		WHERE p.id = 197 LIMIT 1

2026/08/16 13:30:50 [32mD:/Develop/Project_pos_mahenz/BE/domain/product/repo/product_package_repo.go:24
[0m[33m[1.101ms] [34;1m[rows:3][0m 
		SELECT pp.id, pp.product_id, pp.unit_id, COALESCE(u.name, '') AS unit_name, COALESCE(u.abbreviation, '') AS abbreviation,
		       COALESCE(pp.package_name, '') AS package_name, pp.ref_package_id, pp.qty, pp.ref_qty, pp.purchase_price, pp.selling_price, pp.is_default
		FROM product_packages pp
		JOIN units u ON u.id = pp.unit_id
		WHERE pp.product_id = 197

2026/08/16 13:30:50 [32mD:/Develop/Project_pos_mahenz/BE/domain/transaction/repo/transaction_repo.go:193
[0m[33m[0.582ms] [34;1m[rows:1][0m SELECT COUNT(*) FROM transactions WHERE DATE(transaction_date) = '2026-08-16' AND device_source = 'web'

2026/08/16 13:30:50 [32mD:/Develop/Project_pos_mahenz/BE/domain/transaction/repo/transaction_repo.go:198
[0m[33m[0.547ms] [34;1m[rows:1][0m INSERT INTO transactions (transaction_code, user_id, shift_id, transaction_date, subtotal, discount, tax, total_amount, payment_method, payment_amount, change_amount, customer_id, is_credit, status, device_source) VALUES ('WEB-20260816-001', 5, 1, '2026-08-16 13:30:50.721', 36000, 0, 0, 36000, 'cash', 40000, 4000, NULL, false, 'completed', 'web')

2026/08/16 13:30:50 [32mD:/Develop/Project_pos_mahenz/BE/domain/transaction/repo/transaction_repo.go:208
[0m[33m[0.000ms] [34;1m[rows:1][0m SELECT LAST_INSERT_ID()

2026/08/16 13:30:50 [32mD:/Develop/Project_pos_mahenz/BE/domain/transaction/repo/transaction_repo.go:234
[0m[33m[0.538ms] [34;1m[rows:3][0m SELECT pp.id, pp.ref_package_id, pp.qty, pp.ref_qty, COALESCE(u.name, '') AS unit_name FROM product_packages pp JOIN units u ON u.id = pp.unit_id WHERE pp.product_id = 197

2026/08/16 13:30:50 [32mD:/Develop/Project_pos_mahenz/BE/domain/transaction/repo/transaction_repo.go:250
[0m[33m[0.538ms] [34;1m[rows:1][0m SELECT purchase_price FROM products WHERE id = 197 LIMIT 1

2026/08/16 13:30:50 [32mD:/Develop/Project_pos_mahenz/BE/domain/transaction/repo/transaction_repo.go:255
[0m[33m[0.544ms] [34;1m[rows:1][0m INSERT INTO transaction_items (transaction_id, product_id, product_name, quantity, unit, price, purchase_price, subtotal, discount_item, conversion_qty, unit_id) VALUES (209, 197, 'Djarum Super Kretek 12', 2, 'Pack', 18000, 16000, 36000, 0, 1, 323)

2026/08/16 13:30:50 [32mD:/Develop/Project_pos_mahenz/BE/domain/product/repo/stock_delta_repo.go:78
[0m[33m[0.690ms] [34;1m[rows:1][0m SELECT needs_stock_review FROM products WHERE id = 197 FOR UPDATE

2026/08/16 13:30:50 [32mD:/Develop/Project_pos_mahenz/BE/domain/product/repo/stock_delta_repo.go:83
[0m[33m[0.590ms] [34;1m[rows:3][0m 
		SELECT pp.id, pp.product_id, pp.unit_id, COALESCE(u.name,'') AS unit_name, COALESCE(u.abbreviation,'') AS abbreviation,
		       COALESCE(pp.package_name,'') AS package_name, pp.ref_package_id, pp.qty, pp.ref_qty,
		       pp.purchase_price, pp.selling_price, pp.is_default, pp.stock, pp.reserved_qty, pp.is_active
		FROM product_packages pp
		JOIN units u ON u.id = pp.unit_id
		WHERE pp.product_id = 197 AND pp.is_active = 1
		FOR UPDATE

2026/08/16 13:30:50 [32mD:/Develop/Project_pos_mahenz/BE/domain/product/repo/stock_delta_repo.go:148
[0m[33m[0.000ms] [34;1m[rows:22][0m SELECT id, is_continuous FROM units

2026/08/16 13:30:50 [32mD:/Develop/Project_pos_mahenz/BE/domain/product/repo/stock_delta_repo.go:109
[0m[33m[0.540ms] [34;1m[rows:1][0m UPDATE product_packages SET stock = 4, updated_at = '2026-08-16 13:30:50.727' WHERE id = 323

2026/08/16 13:30:50 [32mD:/Develop/Project_pos_mahenz/BE/domain/product/repo/stock_delta_repo.go:109
[0m[33m[0.516ms] [34;1m[rows:1][0m UPDATE product_packages SET stock = 1, updated_at = '2026-08-16 13:30:50.727' WHERE id = 325

2026/08/16 13:30:50 [32mD:/Develop/Project_pos_mahenz/BE/domain/product/repo/stock_delta_repo.go:109
[0m[33m[0.551ms] [34;1m[rows:1][0m UPDATE product_packages SET stock = 2, updated_at = '2026-08-16 13:30:50.727' WHERE id = 324

2026/08/16 13:30:50 [32mD:/Develop/Project_pos_mahenz/BE/domain/product/repo/stock_delta_repo.go:114
[0m[33m[0.000ms] [34;1m[rows:1][0m UPDATE products SET stock = 4.416666666666667, updated_at = '2026-08-16 13:30:50.727' WHERE id = 197

2026/08/16 13:30:50 [32mD:/Develop/Project_pos_mahenz/BE/domain/product/repo/stock_delta_repo.go:118
[0m[33m[0.543ms] [34;1m[rows:1][0m 
		INSERT INTO stock_mutations
			(product_id, package_id, mutation_type, quantity, stock_before, stock_after, reference_type, reference_id, notes, user_id)
		VALUES (197, 323, 'out', 2, 6.416666666666667, 4.416666666666667, 'transaction', 209, 'Transaksi WEB-20260816-001', 5)

2026/08/16 13:30:50 [32mD:/Develop/Project_pos_mahenz/BE/domain/cash_drawer/repo/cash_drawer_repo.go:135
[0m[33m[0.542ms] [34;1m[rows:1][0m SELECT cd.id, cd.user_id, cd.shift_id, cd.open_time, cd.opening_balance, cd.total_sales, cd.total_cash_sales, cd.total_expenses, (cd.opening_balance + COALESCE((SELECT SUM(total_amount) FROM transactions WHERE user_id = cd.user_id AND payment_method = 'cash' AND status = 'completed' AND transaction_date >= cd.open_time), 0) - COALESCE((SELECT SUM(amount) FROM expenses WHERE user_id = cd.user_id AND created_at >= cd.open_time), 0)) as expected_balance, cd.status FROM cash_drawer cd WHERE cd.user_id = 5 AND cd.status = 'open' LIMIT 1

2026/08/16 13:30:50 [32mD:/Develop/Project_pos_mahenz/BE/domain/cash_drawer/repo/cash_drawer_repo.go:266
[0m[33m[0.000ms] [34;1m[rows:1][0m UPDATE cash_drawer SET total_sales = total_sales + 36000, total_cash_sales = total_cash_sales + 36000, expected_balance = opening_balance + total_cash_sales - total_expenses, updated_at = '2026-08-16 13:30:50.731' WHERE id = 11
[GIN] 2026/08/16 - 13:30:50 | 201 |     19.1152ms |             ::1 | POST     "/api/transactions/create"

2026/08/16 13:30:50 [32mD:/Develop/Project_pos_mahenz/BE/repository/log_request_repository.go:32
[0m[33m[2.540ms] [34;1m[rows:1][0m INSERT INTO log_requests (id, method, endpoint, status_code, request_body, response_body, user_id, duration_ms, ip_address, error_message, created_at) VALUES ('b653c4e7-f9b7-4ec5-8d4f-3588052f78f4', 'POST', '/api/transactions/create', 201, '{
  "shift_id": 1,
  "device_source": "web",
  "payment_method": "cash",
  "subtotal": 36000,
  "discount": 0,
  "tax": 0,
  "total_amount": 36000,
  "payment_amount": 40000,
  "items": [
    {"product_id": 197, "product_name": "Djarum Super Kretek 12", "unit_id": 323, "quantity": 2, "unit": "Pack", "price": 18000, "subtotal": 36000, "discount_item": 0, "conversion_qty": 1}
  ]
}', '{"code":"00","status":true,"message":"Transaksi berhasil dibuat","data":{"id":209,"transaction_code":"WEB-20260816-001","user_id":5,"kasir_name":"","shift_id":1,"transaction_date":"2026-08-16T13:30:50.7213347+07:00","subtotal":36000,"discount":0,"tax":0,"total_amount":36000,"payment_method":"cash","payment_amount":40000,"change_amount":4000,"customer_id":null,"customer_name":"","is_credit":false,"status":"completed","device_source":"web","items":[{"id":0,"product_id":197,"product_name":"Djarum Super Kretek 12","quantity":2,"unit":"Pack","price":18000,"subtotal":36000,"discount_item":0,"conversion_qty":1,"unit_id":323}]}}', 5, 19, '::1', NULL, '2026-08-16 13:30:50.733')

2026/08/16 13:31:07 [32mD:/Develop/Project_pos_mahenz/BE/domain/auth/repo/auth_repo.go:46
[0m[33m[0.553ms] [34;1m[rows:1][0m SELECT id, user_id, user_role, token, device_info, expires_at FROM sessions WHERE token = 'eyJhbGciOiJIUzI1NiIsInR5cCI6IkpXVCJ9.eyJhcHBzIjoiIiwiZXhwIjoxNzg2ODg4NTM1LCJmdWxsX25hbWUiOiJBZG1pbiIsInJvbGUiOiJhZG1pbiIsInVzZXJfaWQiOjUsInVzZXJuYW1lIjoiYWRtaW4ifQ.LgtA4JW-4mzziykoe4b_An8iu-hgCSHSlqiEopgSIz0' LIMIT 1

2026/08/16 13:31:07 [32mD:/Develop/Project_pos_mahenz/BE/domain/transaction/repo/transaction_repo.go:141
[0m[33m[0.000ms] [34;1m[rows:-][0m 
		SELECT t.id, t.transaction_code, t.user_id, COALESCE(u.full_name, '') AS kasir_name,
		       t.shift_id, t.transaction_date,
		       t.subtotal, t.discount, t.tax, t.total_amount, t.payment_method,
		       t.payment_amount, t.change_amount, t.customer_id, COALESCE(c.name, '') AS customer_name,
		       t.is_credit, t.status, t.device_source
		FROM transactions t
		LEFT JOIN users u ON u.id = t.user_id
		LEFT JOIN customers c ON c.id = t.customer_id
		WHERE t.id = 209 LIMIT 1

2026/08/16 13:31:07 [32mD:/Develop/Project_pos_mahenz/BE/domain/transaction/repo/transaction_repo.go:387
[0m[33m[0.000ms] [34;1m[rows:-][0m SELECT id, transaction_id, product_id, product_name, quantity, unit, price, purchase_price, subtotal, discount_item, conversion_qty, unit_id FROM transaction_items WHERE transaction_id = 209

2026/08/16 13:31:07 [32mD:/Develop/Project_pos_mahenz/BE/domain/transaction/repo/transaction_repo.go:333
[0m[33m[0.000ms] [34;1m[rows:1][0m SELECT user_id, payment_method, total_amount FROM transactions WHERE id = 209 LIMIT 1 FOR UPDATE

2026/08/16 13:31:07 [32mD:/Develop/Project_pos_mahenz/BE/domain/transaction/repo/transaction_repo.go:338
[0m[33m[0.000ms] [34;1m[rows:1][0m UPDATE transactions SET status = 'void', updated_at = '2026-08-16 13:31:07.773' WHERE id = 209

2026/08/16 13:31:07 [32mD:/Develop/Project_pos_mahenz/BE/domain/transaction/repo/transaction_repo.go:387
[0m[33m[0.627ms] [34;1m[rows:-][0m SELECT id, transaction_id, product_id, product_name, quantity, unit, price, purchase_price, subtotal, discount_item, conversion_qty, unit_id FROM transaction_items WHERE transaction_id = 209

2026/08/16 13:31:07 [32mD:/Develop/Project_pos_mahenz/BE/domain/product/repo/stock_delta_repo.go:78
[0m[33m[0.000ms] [34;1m[rows:1][0m SELECT needs_stock_review FROM products WHERE id = 197 FOR UPDATE

2026/08/16 13:31:07 [32mD:/Develop/Project_pos_mahenz/BE/domain/product/repo/stock_delta_repo.go:83
[0m[33m[0.000ms] [34;1m[rows:3][0m 
		SELECT pp.id, pp.product_id, pp.unit_id, COALESCE(u.name,'') AS unit_name, COALESCE(u.abbreviation,'') AS abbreviation,
		       COALESCE(pp.package_name,'') AS package_name, pp.ref_package_id, pp.qty, pp.ref_qty,
		       pp.purchase_price, pp.selling_price, pp.is_default, pp.stock, pp.reserved_qty, pp.is_active
		FROM product_packages pp
		JOIN units u ON u.id = pp.unit_id
		WHERE pp.product_id = 197 AND pp.is_active = 1
		FOR UPDATE

2026/08/16 13:31:07 [32mD:/Develop/Project_pos_mahenz/BE/domain/product/repo/stock_delta_repo.go:148
[0m[33m[0.000ms] [34;1m[rows:22][0m SELECT id, is_continuous FROM units

2026/08/16 13:31:07 [32mD:/Develop/Project_pos_mahenz/BE/domain/product/repo/stock_delta_repo.go:109
[0m[33m[0.616ms] [34;1m[rows:1][0m UPDATE product_packages SET stock = 6, updated_at = '2026-08-16 13:31:07.776' WHERE id = 323

2026/08/16 13:31:07 [32mD:/Develop/Project_pos_mahenz/BE/domain/product/repo/stock_delta_repo.go:109
[0m[33m[0.543ms] [34;1m[rows:1][0m UPDATE product_packages SET stock = 1, updated_at = '2026-08-16 13:31:07.776' WHERE id = 325

2026/08/16 13:31:07 [32mD:/Develop/Project_pos_mahenz/BE/domain/product/repo/stock_delta_repo.go:109
[0m[33m[0.000ms] [34;1m[rows:1][0m UPDATE product_packages SET stock = 2, updated_at = '2026-08-16 13:31:07.776' WHERE id = 324

2026/08/16 13:31:07 [32mD:/Develop/Project_pos_mahenz/BE/domain/product/repo/stock_delta_repo.go:114
[0m[33m[0.520ms] [34;1m[rows:1][0m UPDATE products SET stock = 6.416666666666667, updated_at = '2026-08-16 13:31:07.776' WHERE id = 197

2026/08/16 13:31:07 [32mD:/Develop/Project_pos_mahenz/BE/domain/product/repo/stock_delta_repo.go:118
[0m[33m[0.517ms] [34;1m[rows:1][0m 
		INSERT INTO stock_mutations
			(product_id, package_id, mutation_type, quantity, stock_before, stock_after, reference_type, reference_id, notes, user_id)
		VALUES (197, 323, 'void', 2, 4.416666666666667, 6.416666666666667, 'transaction', 209, 'Void transaksi ID 209', 5)

2026/08/16 13:31:07 [32mD:/Develop/Project_pos_mahenz/BE/domain/transaction/repo/transaction_repo.go:379
[0m[33m[0.578ms] [34;1m[rows:0][0m UPDATE receivables SET status = 'void', updated_at = '2026-08-16 13:31:07.773' WHERE transaction_id = 209

2026/08/16 13:31:07 [32mD:/Develop/Project_pos_mahenz/BE/domain/cash_drawer/repo/cash_drawer_repo.go:135
[0m[33m[0.576ms] [34;1m[rows:1][0m SELECT cd.id, cd.user_id, cd.shift_id, cd.open_time, cd.opening_balance, cd.total_sales, cd.total_cash_sales, cd.total_expenses, (cd.opening_balance + COALESCE((SELECT SUM(total_amount) FROM transactions WHERE user_id = cd.user_id AND payment_method = 'cash' AND status = 'completed' AND transaction_date >= cd.open_time), 0) - COALESCE((SELECT SUM(amount) FROM expenses WHERE user_id = cd.user_id AND created_at >= cd.open_time), 0)) as expected_balance, cd.status FROM cash_drawer cd WHERE cd.user_id = 5 AND cd.status = 'open' LIMIT 1

2026/08/16 13:31:07 [32mD:/Develop/Project_pos_mahenz/BE/domain/cash_drawer/repo/cash_drawer_repo.go:266
[0m[33m[0.000ms] [34;1m[rows:1][0m UPDATE cash_drawer SET total_sales = total_sales + -36000, total_cash_sales = total_cash_sales + -36000, expected_balance = opening_balance + total_cash_sales - total_expenses, updated_at = '2026-08-16 13:31:07.779' WHERE id = 11
[GIN] 2026/08/16 - 13:31:07 | 200 |     10.6537ms |             ::1 | POST     "/api/transactions/void/209"

2026/08/16 13:31:07 [32mD:/Develop/Project_pos_mahenz/BE/repository/log_request_repository.go:32
[0m[33m[1.058ms] [34;1m[rows:1][0m INSERT INTO log_requests (id, method, endpoint, status_code, request_body, response_body, user_id, duration_ms, ip_address, error_message, created_at) VALUES ('775e1247-1a1e-453a-96ac-f883f5cb3b8d', 'POST', '/api/transactions/void/209', 200, '{"reason":"test void Fase 4 poin 2"}', '{"code":"00","status":true,"message":"Transaksi berhasil di-void","data":null}', 5, 10, '::1', NULL, '2026-08-16 13:31:07.781')

2026/08/16 13:31:23 [32mD:/Develop/Project_pos_mahenz/BE/domain/auth/repo/auth_repo.go:46
[0m[33m[0.513ms] [34;1m[rows:1][0m SELECT id, user_id, user_role, token, device_info, expires_at FROM sessions WHERE token = 'eyJhbGciOiJIUzI1NiIsInR5cCI6IkpXVCJ9.eyJhcHBzIjoiIiwiZXhwIjoxNzg2ODg4NTM1LCJmdWxsX25hbWUiOiJBZG1pbiIsInJvbGUiOiJhZG1pbiIsInVzZXJfaWQiOjUsInVzZXJuYW1lIjoiYWRtaW4ifQ.LgtA4JW-4mzziykoe4b_An8iu-hgCSHSlqiEopgSIz0' LIMIT 1

2026/08/16 13:31:23 [32mD:/Develop/Project_pos_mahenz/BE/domain/cash_drawer/repo/cash_drawer_repo.go:135
[0m[33m[0.651ms] [34;1m[rows:1][0m SELECT cd.id, cd.user_id, cd.shift_id, cd.open_time, cd.opening_balance, cd.total_sales, cd.total_cash_sales, cd.total_expenses, (cd.opening_balance + COALESCE((SELECT SUM(total_amount) FROM transactions WHERE user_id = cd.user_id AND payment_method = 'cash' AND status = 'completed' AND transaction_date >= cd.open_time), 0) - COALESCE((SELECT SUM(amount) FROM expenses WHERE user_id = cd.user_id AND created_at >= cd.open_time), 0)) as expected_balance, cd.status FROM cash_drawer cd WHERE cd.user_id = 5 AND cd.status = 'open' LIMIT 1

2026/08/16 13:31:23 [32mD:/Develop/Project_pos_mahenz/BE/domain/product/repo/product_repo.go:137
[0m[33m[0.621ms] [34;1m[rows:1][0m 
		SELECT p.id, p.barcode, COALESCE(p.sku, '') as sku, p.name, p.category_id, COALESCE(c.name, '') as category_name,
		       p.purchase_price, p.selling_price, p.stock, p.reserved_qty, p.min_stock,
		       COALESCE(p.unit_id, 0) as unit_id, COALESCE(u.name, '') as unit_name, COALESCE(u.abbreviation, '') as unit_abbreviation,
		       p.is_active, p.created_at, p.updated_at,
		       (SELECT COUNT(*) FROM product_packages pp WHERE pp.product_id = p.id AND pp.is_default = 0) AS extra_packages,
		       (SELECT COUNT(*) FROM product_prices pr WHERE pr.product_id = p.id) AS price_tiers_count
		FROM products p
		LEFT JOIN categories c ON p.category_id = c.id
		LEFT JOIN units u ON u.id = p.unit_id
		WHERE p.id = 197 LIMIT 1

2026/08/16 13:31:23 [32mD:/Develop/Project_pos_mahenz/BE/domain/product/repo/product_package_repo.go:24
[0m[33m[0.629ms] [34;1m[rows:3][0m 
		SELECT pp.id, pp.product_id, pp.unit_id, COALESCE(u.name, '') AS unit_name, COALESCE(u.abbreviation, '') AS abbreviation,
		       COALESCE(pp.package_name, '') AS package_name, pp.ref_package_id, pp.qty, pp.ref_qty, pp.purchase_price, pp.selling_price, pp.is_default
		FROM product_packages pp
		JOIN units u ON u.id = pp.unit_id
		WHERE pp.product_id = 197

2026/08/16 13:31:23 [32mD:/Develop/Project_pos_mahenz/BE/domain/transaction/repo/transaction_repo.go:193
[0m[33m[0.602ms] [34;1m[rows:1][0m SELECT COUNT(*) FROM transactions WHERE DATE(transaction_date) = '2026-08-16' AND device_source = 'web'

2026/08/16 13:31:23 [32mD:/Develop/Project_pos_mahenz/BE/domain/transaction/repo/transaction_repo.go:198
[0m[33m[0.658ms] [34;1m[rows:1][0m INSERT INTO transactions (transaction_code, user_id, shift_id, transaction_date, subtotal, discount, tax, total_amount, payment_method, payment_amount, change_amount, customer_id, is_credit, status, device_source) VALUES ('WEB-20260816-002', 5, 1, '2026-08-16 13:31:23.23', 9000000, 0, 0, 9000000, 'cash', 9000000, 0, NULL, false, 'completed', 'web')

2026/08/16 13:31:23 [32mD:/Develop/Project_pos_mahenz/BE/domain/transaction/repo/transaction_repo.go:208
[0m[33m[0.000ms] [34;1m[rows:1][0m SELECT LAST_INSERT_ID()

2026/08/16 13:31:23 [32mD:/Develop/Project_pos_mahenz/BE/domain/transaction/repo/transaction_repo.go:234
[0m[33m[0.000ms] [34;1m[rows:3][0m SELECT pp.id, pp.ref_package_id, pp.qty, pp.ref_qty, COALESCE(u.name, '') AS unit_name FROM product_packages pp JOIN units u ON u.id = pp.unit_id WHERE pp.product_id = 197

2026/08/16 13:31:23 [32mD:/Develop/Project_pos_mahenz/BE/domain/transaction/repo/transaction_repo.go:250
[0m[33m[0.611ms] [34;1m[rows:1][0m SELECT purchase_price FROM products WHERE id = 197 LIMIT 1

2026/08/16 13:31:23 [32mD:/Develop/Project_pos_mahenz/BE/domain/transaction/repo/transaction_repo.go:255
[0m[33m[0.739ms] [34;1m[rows:1][0m INSERT INTO transaction_items (transaction_id, product_id, product_name, quantity, unit, price, purchase_price, subtotal, discount_item, conversion_qty, unit_id) VALUES (210, 197, 'Djarum Super Kretek 12', 500, 'Pack', 18000, 16000, 9000000, 0, 1, 323)

2026/08/16 13:31:23 [32mD:/Develop/Project_pos_mahenz/BE/domain/product/repo/stock_delta_repo.go:78
[0m[33m[0.000ms] [34;1m[rows:1][0m SELECT needs_stock_review FROM products WHERE id = 197 FOR UPDATE

2026/08/16 13:31:23 [32mD:/Develop/Project_pos_mahenz/BE/domain/product/repo/stock_delta_repo.go:83
[0m[33m[0.532ms] [34;1m[rows:3][0m 
		SELECT pp.id, pp.product_id, pp.unit_id, COALESCE(u.name,'') AS unit_name, COALESCE(u.abbreviation,'') AS abbreviation,
		       COALESCE(pp.package_name,'') AS package_name, pp.ref_package_id, pp.qty, pp.ref_qty,
		       pp.purchase_price, pp.selling_price, pp.is_default, pp.stock, pp.reserved_qty, pp.is_active
		FROM product_packages pp
		JOIN units u ON u.id = pp.unit_id
		WHERE pp.product_id = 197 AND pp.is_active = 1
		FOR UPDATE

2026/08/16 13:31:23 [32mD:/Develop/Project_pos_mahenz/BE/domain/product/repo/stock_delta_repo.go:148
[0m[33m[0.000ms] [34;1m[rows:22][0m SELECT id, is_continuous FROM units
[GIN] 2026/08/16 - 13:31:23 | 400 |      9.6002ms |             ::1 | POST     "/api/transactions/create"
Error #01: Stok tidak mencukupi untuk Djarum Super Kretek 12

2026/08/16 13:31:23 [32mD:/Develop/Project_pos_mahenz/BE/repository/log_request_repository.go:32
[0m[33m[2.078ms] [34;1m[rows:1][0m INSERT INTO log_requests (id, method, endpoint, status_code, request_body, response_body, user_id, duration_ms, ip_address, error_message, created_at) VALUES ('267314bb-4f27-4c09-914f-60e9b30417ac', 'POST', '/api/transactions/create', 400, '{
  "shift_id": 1,
  "device_source": "web",
  "payment_method": "cash",
  "subtotal": 9000000,
  "discount": 0,
  "tax": 0,
  "total_amount": 9000000,
  "payment_amount": 9000000,
  "items": [
    {"product_id": 197, "product_name": "Djarum Super Kretek 12", "unit_id": 323, "quantity": 500, "unit": "Pack", "price": 18000, "subtotal": 9000000, "discount_item": 0, "conversion_qty": 1}
  ]
}', '{"code":"40","status":false,"message":"Stok tidak mencukupi untuk Djarum Super Kretek 12","data":null}', 5, 9, '::1', 'Stok tidak mencukupi untuk Djarum Super Kretek 12', '2026-08-16 13:31:23.236')

2026/08/16 13:31:37 [32mD:/Develop/Project_pos_mahenz/BE/domain/auth/repo/auth_repo.go:46
[0m[33m[0.632ms] [34;1m[rows:1][0m SELECT id, user_id, user_role, token, device_info, expires_at FROM sessions WHERE token = 'eyJhbGciOiJIUzI1NiIsInR5cCI6IkpXVCJ9.eyJhcHBzIjoiIiwiZXhwIjoxNzg2ODg4NTM1LCJmdWxsX25hbWUiOiJBZG1pbiIsInJvbGUiOiJhZG1pbiIsInVzZXJfaWQiOjUsInVzZXJuYW1lIjoiYWRtaW4ifQ.LgtA4JW-4mzziykoe4b_An8iu-hgCSHSlqiEopgSIz0' LIMIT 1

2026/08/16 13:31:37 [32mD:/Develop/Project_pos_mahenz/BE/domain/cash_drawer/repo/cash_drawer_repo.go:135
[0m[33m[0.582ms] [34;1m[rows:1][0m SELECT cd.id, cd.user_id, cd.shift_id, cd.open_time, cd.opening_balance, cd.total_sales, cd.total_cash_sales, cd.total_expenses, (cd.opening_balance + COALESCE((SELECT SUM(total_amount) FROM transactions WHERE user_id = cd.user_id AND payment_method = 'cash' AND status = 'completed' AND transaction_date >= cd.open_time), 0) - COALESCE((SELECT SUM(amount) FROM expenses WHERE user_id = cd.user_id AND created_at >= cd.open_time), 0)) as expected_balance, cd.status FROM cash_drawer cd WHERE cd.user_id = 5 AND cd.status = 'open' LIMIT 1

2026/08/16 13:31:37 [32mD:/Develop/Project_pos_mahenz/BE/domain/product/repo/product_repo.go:137
[0m[33m[0.731ms] [34;1m[rows:1][0m 
		SELECT p.id, p.barcode, COALESCE(p.sku, '') as sku, p.name, p.category_id, COALESCE(c.name, '') as category_name,
		       p.purchase_price, p.selling_price, p.stock, p.reserved_qty, p.min_stock,
		       COALESCE(p.unit_id, 0) as unit_id, COALESCE(u.name, '') as unit_name, COALESCE(u.abbreviation, '') as unit_abbreviation,
		       p.is_active, p.created_at, p.updated_at,
		       (SELECT COUNT(*) FROM product_packages pp WHERE pp.product_id = p.id AND pp.is_default = 0) AS extra_packages,
		       (SELECT COUNT(*) FROM product_prices pr WHERE pr.product_id = p.id) AS price_tiers_count
		FROM products p
		LEFT JOIN categories c ON p.category_id = c.id
		LEFT JOIN units u ON u.id = p.unit_id
		WHERE p.id = 197 LIMIT 1

2026/08/16 13:31:37 [32mD:/Develop/Project_pos_mahenz/BE/domain/product/repo/product_package_repo.go:24
[0m[33m[0.690ms] [34;1m[rows:3][0m 
		SELECT pp.id, pp.product_id, pp.unit_id, COALESCE(u.name, '') AS unit_name, COALESCE(u.abbreviation, '') AS abbreviation,
		       COALESCE(pp.package_name, '') AS package_name, pp.ref_package_id, pp.qty, pp.ref_qty, pp.purchase_price, pp.selling_price, pp.is_default
		FROM product_packages pp
		JOIN units u ON u.id = pp.unit_id
		WHERE pp.product_id = 197

2026/08/16 13:31:37 [32mD:/Develop/Project_pos_mahenz/BE/domain/product/repo/product_repo.go:137
[0m[33m[0.592ms] [34;1m[rows:1][0m 
		SELECT p.id, p.barcode, COALESCE(p.sku, '') as sku, p.name, p.category_id, COALESCE(c.name, '') as category_name,
		       p.purchase_price, p.selling_price, p.stock, p.reserved_qty, p.min_stock,
		       COALESCE(p.unit_id, 0) as unit_id, COALESCE(u.name, '') as unit_name, COALESCE(u.abbreviation, '') as unit_abbreviation,
		       p.is_active, p.created_at, p.updated_at,
		       (SELECT COUNT(*) FROM product_packages pp WHERE pp.product_id = p.id AND pp.is_default = 0) AS extra_packages,
		       (SELECT COUNT(*) FROM product_prices pr WHERE pr.product_id = p.id) AS price_tiers_count
		FROM products p
		LEFT JOIN categories c ON p.category_id = c.id
		LEFT JOIN units u ON u.id = p.unit_id
		WHERE p.id = 104 LIMIT 1

2026/08/16 13:31:37 [32mD:/Develop/Project_pos_mahenz/BE/domain/product/repo/product_package_repo.go:24
[0m[33m[0.614ms] [34;1m[rows:2][0m 
		SELECT pp.id, pp.product_id, pp.unit_id, COALESCE(u.name, '') AS unit_name, COALESCE(u.abbreviation, '') AS abbreviation,
		       COALESCE(pp.package_name, '') AS package_name, pp.ref_package_id, pp.qty, pp.ref_qty, pp.purchase_price, pp.selling_price, pp.is_default
		FROM product_packages pp
		JOIN units u ON u.id = pp.unit_id
		WHERE pp.product_id = 104
[GIN] 2026/08/16 - 13:31:37 | 400 |      5.1119ms |             ::1 | POST     "/api/transactions/create"
Error #01: Jumlah pembayaran kurang dari total transaksi

2026/08/16 13:31:37 [32mD:/Develop/Project_pos_mahenz/BE/repository/log_request_repository.go:32
[0m[33m[2.748ms] [34;1m[rows:1][0m INSERT INTO log_requests (id, method, endpoint, status_code, request_body, response_body, user_id, duration_ms, ip_address, error_message, created_at) VALUES ('9739e0bd-ba29-48aa-a957-210626e89d31', 'POST', '/api/transactions/create', 400, '{
  "shift_id": 1,
  "device_source": "web",
  "payment_method": "cash",
  "subtotal": 9018000,
  "discount": 0,
  "tax": 0,
  "total_amount": 9018000,
  "payment_amount": 9018000,
  "items": [
    {"product_id": 197, "product_name": "Djarum Super Kretek 12", "unit_id": 323, "quantity": 1, "unit": "Pack", "price": 18000, "subtotal": 18000, "discount_item": 0, "conversion_qty": 1},
    {"product_id": 104, "product_name": "Air Nestle Purelife", "unit_id": 181, "quantity": 99999, "unit": "Kardus", "price": 90000, "subtotal": 8999910000, "discount_item": 0, "conversion_qty": 1}
  ]
}', '{"code":"40","status":false,"message":"Jumlah pembayaran kurang dari total transaksi","data":null}', 5, 4, '::1', 'Jumlah pembayaran kurang dari total transaksi', '2026-08-16 13:31:37.915')

2026/08/16 13:31:46 [32mD:/Develop/Project_pos_mahenz/BE/domain/auth/repo/auth_repo.go:46
[0m[33m[1.064ms] [34;1m[rows:1][0m SELECT id, user_id, user_role, token, device_info, expires_at FROM sessions WHERE token = 'eyJhbGciOiJIUzI1NiIsInR5cCI6IkpXVCJ9.eyJhcHBzIjoiIiwiZXhwIjoxNzg2ODg4NTM1LCJmdWxsX25hbWUiOiJBZG1pbiIsInJvbGUiOiJhZG1pbiIsInVzZXJfaWQiOjUsInVzZXJuYW1lIjoiYWRtaW4ifQ.LgtA4JW-4mzziykoe4b_An8iu-hgCSHSlqiEopgSIz0' LIMIT 1

2026/08/16 13:31:46 [32mD:/Develop/Project_pos_mahenz/BE/domain/cash_drawer/repo/cash_drawer_repo.go:135
[0m[33m[1.680ms] [34;1m[rows:1][0m SELECT cd.id, cd.user_id, cd.shift_id, cd.open_time, cd.opening_balance, cd.total_sales, cd.total_cash_sales, cd.total_expenses, (cd.opening_balance + COALESCE((SELECT SUM(total_amount) FROM transactions WHERE user_id = cd.user_id AND payment_method = 'cash' AND status = 'completed' AND transaction_date >= cd.open_time), 0) - COALESCE((SELECT SUM(amount) FROM expenses WHERE user_id = cd.user_id AND created_at >= cd.open_time), 0)) as expected_balance, cd.status FROM cash_drawer cd WHERE cd.user_id = 5 AND cd.status = 'open' LIMIT 1

2026/08/16 13:31:46 [32mD:/Develop/Project_pos_mahenz/BE/domain/product/repo/product_repo.go:137
[0m[33m[0.600ms] [34;1m[rows:1][0m 
		SELECT p.id, p.barcode, COALESCE(p.sku, '') as sku, p.name, p.category_id, COALESCE(c.name, '') as category_name,
		       p.purchase_price, p.selling_price, p.stock, p.reserved_qty, p.min_stock,
		       COALESCE(p.unit_id, 0) as unit_id, COALESCE(u.name, '') as unit_name, COALESCE(u.abbreviation, '') as unit_abbreviation,
		       p.is_active, p.created_at, p.updated_at,
		       (SELECT COUNT(*) FROM product_packages pp WHERE pp.product_id = p.id AND pp.is_default = 0) AS extra_packages,
		       (SELECT COUNT(*) FROM product_prices pr WHERE pr.product_id = p.id) AS price_tiers_count
		FROM products p
		LEFT JOIN categories c ON p.category_id = c.id
		LEFT JOIN units u ON u.id = p.unit_id
		WHERE p.id = 197 LIMIT 1

2026/08/16 13:31:46 [32mD:/Develop/Project_pos_mahenz/BE/domain/product/repo/product_package_repo.go:24
[0m[33m[1.008ms] [34;1m[rows:3][0m 
		SELECT pp.id, pp.product_id, pp.unit_id, COALESCE(u.name, '') AS unit_name, COALESCE(u.abbreviation, '') AS abbreviation,
		       COALESCE(pp.package_name, '') AS package_name, pp.ref_package_id, pp.qty, pp.ref_qty, pp.purchase_price, pp.selling_price, pp.is_default
		FROM product_packages pp
		JOIN units u ON u.id = pp.unit_id
		WHERE pp.product_id = 197

2026/08/16 13:31:46 [32mD:/Develop/Project_pos_mahenz/BE/domain/product/repo/product_repo.go:137
[0m[33m[0.789ms] [34;1m[rows:1][0m 
		SELECT p.id, p.barcode, COALESCE(p.sku, '') as sku, p.name, p.category_id, COALESCE(c.name, '') as category_name,
		       p.purchase_price, p.selling_price, p.stock, p.reserved_qty, p.min_stock,
		       COALESCE(p.unit_id, 0) as unit_id, COALESCE(u.name, '') as unit_name, COALESCE(u.abbreviation, '') as unit_abbreviation,
		       p.is_active, p.created_at, p.updated_at,
		       (SELECT COUNT(*) FROM product_packages pp WHERE pp.product_id = p.id AND pp.is_default = 0) AS extra_packages,
		       (SELECT COUNT(*) FROM product_prices pr WHERE pr.product_id = p.id) AS price_tiers_count
		FROM products p
		LEFT JOIN categories c ON p.category_id = c.id
		LEFT JOIN units u ON u.id = p.unit_id
		WHERE p.id = 104 LIMIT 1

2026/08/16 13:31:46 [32mD:/Develop/Project_pos_mahenz/BE/domain/product/repo/product_package_repo.go:24
[0m[33m[0.664ms] [34;1m[rows:2][0m 
		SELECT pp.id, pp.product_id, pp.unit_id, COALESCE(u.name, '') AS unit_name, COALESCE(u.abbreviation, '') AS abbreviation,
		       COALESCE(pp.package_name, '') AS package_name, pp.ref_package_id, pp.qty, pp.ref_qty, pp.purchase_price, pp.selling_price, pp.is_default
		FROM product_packages pp
		JOIN units u ON u.id = pp.unit_id
		WHERE pp.product_id = 104

2026/08/16 13:31:46 [32mD:/Develop/Project_pos_mahenz/BE/domain/transaction/repo/transaction_repo.go:193
[0m[33m[0.563ms] [34;1m[rows:1][0m SELECT COUNT(*) FROM transactions WHERE DATE(transaction_date) = '2026-08-16' AND device_source = 'web'

2026/08/16 13:31:46 [32mD:/Develop/Project_pos_mahenz/BE/domain/transaction/repo/transaction_repo.go:198
[0m[33m[0.586ms] [34;1m[rows:1][0m INSERT INTO transactions (transaction_code, user_id, shift_id, transaction_date, subtotal, discount, tax, total_amount, payment_method, payment_amount, change_amount, customer_id, is_credit, status, device_source) VALUES ('WEB-20260816-002', 5, 1, '2026-08-16 13:31:46.979', 5199966000, 0, 0, 5199966000, 'cash', 8999928000, 3799962000, NULL, false, 'completed', 'web')

2026/08/16 13:31:46 [32mD:/Develop/Project_pos_mahenz/BE/domain/transaction/repo/transaction_repo.go:208
[0m[33m[0.000ms] [34;1m[rows:1][0m SELECT LAST_INSERT_ID()

2026/08/16 13:31:46 [32mD:/Develop/Project_pos_mahenz/BE/domain/transaction/repo/transaction_repo.go:234
[0m[33m[0.674ms] [34;1m[rows:3][0m SELECT pp.id, pp.ref_package_id, pp.qty, pp.ref_qty, COALESCE(u.name, '') AS unit_name FROM product_packages pp JOIN units u ON u.id = pp.unit_id WHERE pp.product_id = 197

2026/08/16 13:31:46 [32mD:/Develop/Project_pos_mahenz/BE/domain/transaction/repo/transaction_repo.go:250
[0m[33m[1.343ms] [34;1m[rows:1][0m SELECT purchase_price FROM products WHERE id = 197 LIMIT 1

2026/08/16 13:31:46 [32mD:/Develop/Project_pos_mahenz/BE/domain/transaction/repo/transaction_repo.go:255
[0m[33m[1.335ms] [34;1m[rows:1][0m INSERT INTO transaction_items (transaction_id, product_id, product_name, quantity, unit, price, purchase_price, subtotal, discount_item, conversion_qty, unit_id) VALUES (211, 197, 'Djarum Super Kretek 12', 1, 'Pack', 18000, 16000, 18000, 0, 1, 323)

2026/08/16 13:31:46 [32mD:/Develop/Project_pos_mahenz/BE/domain/product/repo/stock_delta_repo.go:78
[0m[33m[1.092ms] [34;1m[rows:1][0m SELECT needs_stock_review FROM products WHERE id = 197 FOR UPDATE

2026/08/16 13:31:46 [32mD:/Develop/Project_pos_mahenz/BE/domain/product/repo/stock_delta_repo.go:83
[0m[33m[1.246ms] [34;1m[rows:3][0m 
		SELECT pp.id, pp.product_id, pp.unit_id, COALESCE(u.name,'') AS unit_name, COALESCE(u.abbreviation,'') AS abbreviation,
		       COALESCE(pp.package_name,'') AS package_name, pp.ref_package_id, pp.qty, pp.ref_qty,
		       pp.purchase_price, pp.selling_price, pp.is_default, pp.stock, pp.reserved_qty, pp.is_active
		FROM product_packages pp
		JOIN units u ON u.id = pp.unit_id
		WHERE pp.product_id = 197 AND pp.is_active = 1
		FOR UPDATE

2026/08/16 13:31:46 [32mD:/Develop/Project_pos_mahenz/BE/domain/product/repo/stock_delta_repo.go:148
[0m[33m[0.601ms] [34;1m[rows:22][0m SELECT id, is_continuous FROM units

2026/08/16 13:31:46 [32mD:/Develop/Project_pos_mahenz/BE/domain/product/repo/stock_delta_repo.go:109
[0m[33m[0.572ms] [34;1m[rows:1][0m UPDATE product_packages SET stock = 5, updated_at = '2026-08-16 13:31:46.989' WHERE id = 323

2026/08/16 13:31:46 [32mD:/Develop/Project_pos_mahenz/BE/domain/product/repo/stock_delta_repo.go:109
[0m[33m[0.592ms] [34;1m[rows:1][0m UPDATE product_packages SET stock = 1, updated_at = '2026-08-16 13:31:46.989' WHERE id = 325

2026/08/16 13:31:46 [32mD:/Develop/Project_pos_mahenz/BE/domain/product/repo/stock_delta_repo.go:109
[0m[33m[0.559ms] [34;1m[rows:1][0m UPDATE product_packages SET stock = 2, updated_at = '2026-08-16 13:31:46.989' WHERE id = 324

2026/08/16 13:31:46 [32mD:/Develop/Project_pos_mahenz/BE/domain/product/repo/stock_delta_repo.go:114
[0m[33m[0.635ms] [34;1m[rows:1][0m UPDATE products SET stock = 5.416666666666667, updated_at = '2026-08-16 13:31:46.989' WHERE id = 197

2026/08/16 13:31:46 [32mD:/Develop/Project_pos_mahenz/BE/domain/product/repo/stock_delta_repo.go:118
[0m[33m[0.583ms] [34;1m[rows:1][0m 
		INSERT INTO stock_mutations
			(product_id, package_id, mutation_type, quantity, stock_before, stock_after, reference_type, reference_id, notes, user_id)
		VALUES (197, 323, 'out', 1, 6.416666666666667, 5.416666666666667, 'transaction', 211, 'Transaksi WEB-20260816-002', 5)

2026/08/16 13:31:46 [32mD:/Develop/Project_pos_mahenz/BE/domain/transaction/repo/transaction_repo.go:234
[0m[33m[1.115ms] [34;1m[rows:2][0m SELECT pp.id, pp.ref_package_id, pp.qty, pp.ref_qty, COALESCE(u.name, '') AS unit_name FROM product_packages pp JOIN units u ON u.id = pp.unit_id WHERE pp.product_id = 104

2026/08/16 13:31:46 [32mD:/Develop/Project_pos_mahenz/BE/domain/transaction/repo/transaction_repo.go:250
[0m[33m[0.506ms] [34;1m[rows:1][0m SELECT purchase_price FROM products WHERE id = 104 LIMIT 1

2026/08/16 13:31:46 [32mD:/Develop/Project_pos_mahenz/BE/domain/transaction/repo/transaction_repo.go:255
[0m[33m[1.030ms] [34;1m[rows:1][0m INSERT INTO transaction_items (transaction_id, product_id, product_name, quantity, unit, price, purchase_price, subtotal, discount_item, conversion_qty, unit_id) VALUES (211, 104, 'Air Nestle Purelife', 99999, 'Kardus', 52000, 48000, 5199948000, 0, 1, 181)

2026/08/16 13:31:46 [32mD:/Develop/Project_pos_mahenz/BE/domain/product/repo/stock_delta_repo.go:78
[0m[33m[0.504ms] [34;1m[rows:1][0m SELECT needs_stock_review FROM products WHERE id = 104 FOR UPDATE

2026/08/16 13:31:46 [32mD:/Develop/Project_pos_mahenz/BE/domain/product/repo/stock_delta_repo.go:83
[0m[33m[0.890ms] [34;1m[rows:2][0m 
		SELECT pp.id, pp.product_id, pp.unit_id, COALESCE(u.name,'') AS unit_name, COALESCE(u.abbreviation,'') AS abbreviation,
		       COALESCE(pp.package_name,'') AS package_name, pp.ref_package_id, pp.qty, pp.ref_qty,
		       pp.purchase_price, pp.selling_price, pp.is_default, pp.stock, pp.reserved_qty, pp.is_active
		FROM product_packages pp
		JOIN units u ON u.id = pp.unit_id
		WHERE pp.product_id = 104 AND pp.is_active = 1
		FOR UPDATE

2026/08/16 13:31:46 [32mD:/Develop/Project_pos_mahenz/BE/domain/product/repo/stock_delta_repo.go:148
[0m[33m[0.000ms] [34;1m[rows:22][0m SELECT id, is_continuous FROM units
[GIN] 2026/08/16 - 13:31:46 | 400 |     25.7998ms |             ::1 | POST     "/api/transactions/create"
Error #01: Stok tidak mencukupi untuk Air Nestle Purelife

2026/08/16 13:31:47 [32mD:/Develop/Project_pos_mahenz/BE/repository/log_request_repository.go:32
[0m[33m[4.364ms] [34;1m[rows:1][0m INSERT INTO log_requests (id, method, endpoint, status_code, request_body, response_body, user_id, duration_ms, ip_address, error_message, created_at) VALUES ('2ba2a99c-7d99-43a8-be7d-e9d2258c82b8', 'POST', '/api/transactions/create', 400, '{
  "shift_id": 1,
  "device_source": "web",
  "payment_method": "cash",
  "subtotal": 8999928000,
  "discount": 0,
  "tax": 0,
  "total_amount": 8999928000,
  "payment_amount": 8999928000,
  "items": [
    {"product_id": 197, "product_name": "Djarum Super Kretek 12", "unit_id": 323, "quantity": 1, "unit": "Pack", "price": 18000, "subtotal": 18000, "discount_item": 0, "conversion_qty": 1},
    {"product_id": 104, "product_name": "Air Nestle Purelife", "unit_id": 181, "quantity": 99999, "unit": "Kardus", "price": 90000, "subtotal": 8999910000, "discount_item": 0, "conversion_qty": 1}
  ]
}', '{"code":"40","status":false,"message":"Stok tidak mencukupi untuk Air Nestle Purelife","data":null}', 5, 25, '::1', 'Stok tidak mencukupi untuk Air Nestle Purelife', '2026-08-16 13:31:47')
exit status 0xffffffff
