
2026/08/28 16:19:23 [32mD:/Develop/Project_pos_mahenz/BE/database/migrate.go:99
[0m[33m[0.522ms] [34;1m[rows:0][0m CREATE TABLE IF NOT EXISTS migrations_history (
		id          INT AUTO_INCREMENT PRIMARY KEY,
		filename    VARCHAR(255) UNIQUE NOT NULL,
		executed_at DATETIME DEFAULT CURRENT_TIMESTAMP
	) DEFAULT CHARSET=utf8

2026/08/28 16:19:23 [32mD:/Develop/Project_pos_mahenz/BE/database/migrate.go:27
[0m[33m[0.574ms] [34;1m[rows:1][0m SELECT COUNT(*) FROM migrations_history

2026/08/28 16:19:23 [32mD:/Develop/Project_pos_mahenz/BE/database/migrate.go:28
[0m[33m[0.539ms] [34;1m[rows:1][0m SELECT COUNT(*) FROM information_schema.tables WHERE table_schema = DATABASE() AND table_name != 'migrations_history'

2026/08/28 16:19:23 [32mD:/Develop/Project_pos_mahenz/BE/database/migrate.go:104
[0m[33m[0.547ms] [34;1m[rows:1][0m SELECT COUNT(*) FROM migrations_history WHERE filename = '001_init_schema.sql'

2026/08/28 16:19:23 [32mD:/Develop/Project_pos_mahenz/BE/database/migrate.go:104
[0m[33m[0.523ms] [34;1m[rows:1][0m SELECT COUNT(*) FROM migrations_history WHERE filename = '002_seed_data.sql'

2026/08/28 16:19:23 [32mD:/Develop/Project_pos_mahenz/BE/database/migrate.go:104
[0m[33m[0.539ms] [34;1m[rows:1][0m SELECT COUNT(*) FROM migrations_history WHERE filename = '003_fix_receivables_status_enum.sql'

2026/08/28 16:19:23 [32mD:/Develop/Project_pos_mahenz/BE/database/migrate.go:104
[0m[33m[0.660ms] [34;1m[rows:1][0m SELECT COUNT(*) FROM migrations_history WHERE filename = '004_stock_per_package_level.sql'

2026/08/28 16:19:23 [32mD:/Develop/Project_pos_mahenz/BE/database/migrate.go:104
[0m[33m[0.000ms] [34;1m[rows:1][0m SELECT COUNT(*) FROM migrations_history WHERE filename = '005_drop_legacy_product_stock_columns.sql'

2026/08/28 16:19:23 [32mD:/Develop/Project_pos_mahenz/BE/database/migrate.go:104
[0m[33m[0.000ms] [34;1m[rows:1][0m SELECT COUNT(*) FROM migrations_history WHERE filename = '006_customer_balance.sql'

2026/08/28 16:19:23 [32mD:/Develop/Project_pos_mahenz/BE/database/migrate.go:104
[0m[33m[0.000ms] [34;1m[rows:1][0m SELECT COUNT(*) FROM migrations_history WHERE filename = '007_fix_balance_payment_method.sql'

2026/08/28 16:19:23 [32mD:/Develop/Project_pos_mahenz/BE/database/migrate.go:104
[0m[33m[0.000ms] [34;1m[rows:1][0m SELECT COUNT(*) FROM migrations_history WHERE filename = '008_backdate_feature.sql'

2026/08/28 16:19:23 [32mD:/Develop/Project_pos_mahenz/BE/database/migrate.go:104
[0m[33m[0.000ms] [34;1m[rows:1][0m SELECT COUNT(*) FROM migrations_history WHERE filename = '009_stock_reconciliation_menu.sql'
